Archive member included because of file (symbol)

/usr/lib/gcc/arm-none-eabi/4.8.2/../../../arm-none-eabi/lib/armv7-m/libc.a(lib_a-atexit.o)
                              /usr/lib/gcc/arm-none-eabi/4.8.2/../../../arm-none-eabi/lib/armv7-m/crt0.o (atexit)
/usr/lib/gcc/arm-none-eabi/4.8.2/../../../arm-none-eabi/lib/armv7-m/libc.a(lib_a-exit.o)
                              /usr/lib/gcc/arm-none-eabi/4.8.2/../../../arm-none-eabi/lib/armv7-m/crt0.o (exit)
/usr/lib/gcc/arm-none-eabi/4.8.2/../../../arm-none-eabi/lib/armv7-m/libc.a(lib_a-fini.o)
                              /usr/lib/gcc/arm-none-eabi/4.8.2/../../../arm-none-eabi/lib/armv7-m/crt0.o (__libc_fini_array)
/usr/lib/gcc/arm-none-eabi/4.8.2/../../../arm-none-eabi/lib/armv7-m/libc.a(lib_a-impure.o)
                              /usr/lib/gcc/arm-none-eabi/4.8.2/../../../arm-none-eabi/lib/armv7-m/libc.a(lib_a-exit.o) (_global_impure_ptr)
/usr/lib/gcc/arm-none-eabi/4.8.2/../../../arm-none-eabi/lib/armv7-m/libc.a(lib_a-init.o)
                              /usr/lib/gcc/arm-none-eabi/4.8.2/../../../arm-none-eabi/lib/armv7-m/crt0.o (__libc_init_array)
/usr/lib/gcc/arm-none-eabi/4.8.2/../../../arm-none-eabi/lib/armv7-m/libc.a(lib_a-memset.o)
                              /usr/lib/gcc/arm-none-eabi/4.8.2/../../../arm-none-eabi/lib/armv7-m/crt0.o (memset)
/usr/lib/gcc/arm-none-eabi/4.8.2/../../../arm-none-eabi/lib/armv7-m/libc.a(lib_a-__atexit.o)
                              /usr/lib/gcc/arm-none-eabi/4.8.2/../../../arm-none-eabi/lib/armv7-m/libc.a(lib_a-atexit.o) (__register_exitproc)
/usr/lib/gcc/arm-none-eabi/4.8.2/../../../arm-none-eabi/lib/armv7-m/libc.a(lib_a-__call_atexit.o)
                              /usr/lib/gcc/arm-none-eabi/4.8.2/../../../arm-none-eabi/lib/armv7-m/libc.a(lib_a-exit.o) (__call_exitprocs)

Allocating common symbols
Common symbol       size              file

USART_RX_BUF        0xc8              ./SYSTEM/usart/usart.o
__stdout            0x68              ./SYSTEM/usart/usart.o

Discarded input sections

 .text          0x0000000000000000        0x0 /usr/lib/gcc/arm-none-eabi/4.8.2/armv7-m/crti.o
 .data          0x0000000000000000        0x0 /usr/lib/gcc/arm-none-eabi/4.8.2/armv7-m/crti.o
 .bss           0x0000000000000000        0x0 /usr/lib/gcc/arm-none-eabi/4.8.2/armv7-m/crti.o
 .data          0x0000000000000000        0x4 /usr/lib/gcc/arm-none-eabi/4.8.2/armv7-m/crtbegin.o
 .text          0x0000000000000000       0x68 /usr/lib/gcc/arm-none-eabi/4.8.2/../../../arm-none-eabi/lib/armv7-m/crt0.o
 .data          0x0000000000000000        0x0 /usr/lib/gcc/arm-none-eabi/4.8.2/../../../arm-none-eabi/lib/armv7-m/crt0.o
 .bss           0x0000000000000000        0x0 /usr/lib/gcc/arm-none-eabi/4.8.2/../../../arm-none-eabi/lib/armv7-m/crt0.o
 .ARM.extab     0x0000000000000000        0x0 /usr/lib/gcc/arm-none-eabi/4.8.2/../../../arm-none-eabi/lib/armv7-m/crt0.o
 .ARM.exidx     0x0000000000000000        0x8 /usr/lib/gcc/arm-none-eabi/4.8.2/../../../arm-none-eabi/lib/armv7-m/crt0.o
 .ARM.attributes
                0x0000000000000000       0x1b /usr/lib/gcc/arm-none-eabi/4.8.2/../../../arm-none-eabi/lib/armv7-m/crt0.o
 .debug_line    0x0000000000000000       0x7b /usr/lib/gcc/arm-none-eabi/4.8.2/../../../arm-none-eabi/lib/armv7-m/crt0.o
 .debug_info    0x0000000000000000       0x8d /usr/lib/gcc/arm-none-eabi/4.8.2/../../../arm-none-eabi/lib/armv7-m/crt0.o
 .debug_abbrev  0x0000000000000000       0x14 /usr/lib/gcc/arm-none-eabi/4.8.2/../../../arm-none-eabi/lib/armv7-m/crt0.o
 .debug_aranges
                0x0000000000000000       0x20 /usr/lib/gcc/arm-none-eabi/4.8.2/../../../arm-none-eabi/lib/armv7-m/crt0.o
 .data          0x0000000000000000        0x0 ./HARDWARE/LED/led.o
 .bss           0x0000000000000000        0x0 ./HARDWARE/LED/led.o
 .data          0x0000000000000000        0x0 ./SYSTEM/delay/delay.o
 .data          0x0000000000000000        0x0 ./SYSTEM/usart/usart.o
 .text          0x0000000000000000        0x8 ./SYSTEM/sys/sys.o
 .data          0x0000000000000000        0x0 ./SYSTEM/sys/sys.o
 .bss           0x0000000000000000        0x0 ./SYSTEM/sys/sys.o
 .debug_info    0x0000000000000000       0xce ./SYSTEM/sys/sys.o
 .debug_abbrev  0x0000000000000000       0x9b ./SYSTEM/sys/sys.o
 .debug_aranges
                0x0000000000000000       0x20 ./SYSTEM/sys/sys.o
 .debug_line    0x0000000000000000       0xfc ./SYSTEM/sys/sys.o
 .debug_str     0x0000000000000000      0x13e ./SYSTEM/sys/sys.o
 .comment       0x0000000000000000       0x20 ./SYSTEM/sys/sys.o
 .ARM.attributes
                0x0000000000000000       0x33 ./SYSTEM/sys/sys.o
 .debug_frame   0x0000000000000000       0x20 ./SYSTEM/sys/sys.o
 .text          0x0000000000000000        0x0 ./USER/main.o
 .data          0x0000000000000000        0x0 ./USER/main.o
 .bss           0x0000000000000000        0x0 ./USER/main.o
 .bss           0x0000000000000000        0x0 ./USER/system_stm32f10x.o
 .data          0x0000000000000000        0x0 ./USER/stm32f10x_it.o
[...]
Memory Configuration

Name             Origin             Length             Attributes
FLASH            0x0000000008000000 0x0000000000040000 xr
RAM              0x0000000020000000 0x0000000000010000 xrw
MEMORY_B1        0x0000000060000000 0x0000000000000000 xr
*default*        0x0000000000000000 0xffffffffffffffff

Linker script and memory map

LOAD /usr/lib/gcc/arm-none-eabi/4.8.2/armv7-m/crti.o
LOAD /usr/lib/gcc/arm-none-eabi/4.8.2/armv7-m/crtbegin.o
LOAD /usr/lib/gcc/arm-none-eabi/4.8.2/../../../arm-none-eabi/lib/armv7-m/crt0.o
LOAD ./HARDWARE/LED/led.o
LOAD ./SYSTEM/delay/delay.o
LOAD ./SYSTEM/usart/usart.o
LOAD ./SYSTEM/sys/sys.o
LOAD ./USER/main.o
LOAD ./USER/system_stm32f10x.o
LOAD ./USER/stm32f10x_it.o
LOAD ./CORE/core_cm3.o
LOAD ./STM32F10x_FWLib/src/stm32f10x_flash.o
LOAD ./STM32F10x_FWLib/src/stm32f10x_exti.o
LOAD ./STM32F10x_FWLib/src/stm32f10x_sdio.o
LOAD ./STM32F10x_FWLib/src/stm32f10x_rtc.o
LOAD ./STM32F10x_FWLib/src/stm32f10x_can.o
LOAD ./STM32F10x_FWLib/src/stm32f10x_rcc.o
LOAD ./STM32F10x_FWLib/src/stm32f10x_i2c.o
LOAD ./STM32F10x_FWLib/src/stm32f10x_cec.o
LOAD ./STM32F10x_FWLib/src/stm32f10x_wwdg.o
LOAD ./STM32F10x_FWLib/src/stm32f10x_iwdg.o
LOAD ./STM32F10x_FWLib/src/stm32f10x_dbgmcu.o
LOAD ./STM32F10x_FWLib/src/stm32f10x_adc.o
LOAD ./STM32F10x_FWLib/src/stm32f10x_dma.o
LOAD ./STM32F10x_FWLib/src/stm32f10x_fsmc.o
LOAD ./STM32F10x_FWLib/src/stm32f10x_usart.o
LOAD ./STM32F10x_FWLib/src/stm32f10x_dac.o
LOAD ./STM32F10x_FWLib/src/stm32f10x_spi.o
LOAD ./STM32F10x_FWLib/src/stm32f10x_bkp.o
LOAD ./STM32F10x_FWLib/src/misc.o
LOAD ./STM32F10x_FWLib/src/stm32f10x_tim.o
LOAD ./STM32F10x_FWLib/src/stm32f10x_pwr.o
LOAD ./STM32F10x_FWLib/src/stm32f10x_gpio.o
LOAD ./STM32F10x_FWLib/src/stm32f10x_crc.o
LOAD ./CORE/startup_stm32f10x_hd.o
START GROUP
LOAD /usr/lib/gcc/arm-none-eabi/4.8.2/../../../arm-none-eabi/lib/armv7-m/libc.a
LOAD /usr/lib/gcc/arm-none-eabi/4.8.2/../../../arm-none-eabi/lib/armv7-m/libm.a
END GROUP
                0x0000000000000080                malloc_getpagesize_P = 0x80
START GROUP
LOAD /usr/lib/gcc/arm-none-eabi/4.8.2/armv7-m/libgcc.a
LOAD /usr/lib/gcc/arm-none-eabi/4.8.2/../../../arm-none-eabi/lib/armv7-m/libc.a
END GROUP
LOAD /usr/lib/gcc/arm-none-eabi/4.8.2/armv7-m/crtend.o
LOAD /usr/lib/gcc/arm-none-eabi/4.8.2/armv7-m/crtn.o
                0x0000000020010000                _estack = 0x20010000
                0x0000000000000000                _Min_Heap_Size = 0x0
                0x0000000000000200                _Min_Stack_Size = 0x200

.isr_vector     0x0000000008000000      0x1e4
                0x0000000008000000                . = ALIGN (0x4)
 *(.isr_vector)
 .isr_vector    0x0000000008000000      0x1e4 ./CORE/startup_stm32f10x_hd.o
                0x0000000008000000                g_pfnVectors
                0x00000000080001e4                . = ALIGN (0x4)

.eh_frame       0x00000000080001e4        0x0
 .eh_frame      0x00000000080001e4        0x0 /usr/lib/gcc/arm-none-eabi/4.8.2/armv7-m/crtbegin.o

.text           0x00000000080001e4     0x1548
                0x00000000080001e4                . = ALIGN (0x4)
 *(.text)
 .text          0x00000000080001e4       0xc8 /usr/lib/gcc/arm-none-eabi/4.8.2/armv7-m/crtbegin.o
 .text          0x00000000080002ac       0x5c ./HARDWARE/LED/led.o
                0x00000000080002ac                LED_Init
 .text          0x0000000008000308       0xcc ./SYSTEM/delay/delay.o
                0x0000000008000308                delay_init
                0x0000000008000344                delay_us
                0x000000000800038c                delay_ms
 .text          0x00000000080003d4      0x140 ./SYSTEM/usart/usart.o
                0x00000000080003d4                _sys_exit
                0x00000000080003d8                fputc
                0x00000000080003f4                uart_init
                0x00000000080004a0                USART1_IRQHandler
 .text          0x0000000008000514      0x18c ./USER/system_stm32f10x.o
                0x0000000008000514                SystemInit
                0x0000000008000634                SystemCoreClockUpdate
 .text          0x00000000080006a0       0x24 ./USER/stm32f10x_it.o
                0x00000000080006a0                NMI_Handler
                0x00000000080006a4                HardFault_Handler
                0x00000000080006a8                MemManage_Handler
                0x00000000080006ac                BusFault_Handler
                0x00000000080006b0                UsageFault_Handler
                0x00000000080006b4                SVC_Handler
                0x00000000080006b8                DebugMon_Handler
                0x00000000080006bc                PendSV_Handler
                0x00000000080006c0                SysTick_Handler
 .text          0x00000000080006c4      0x3b4 ./STM32F10x_FWLib/src/stm32f10x_rcc.o
                0x00000000080006c4                RCC_DeInit
                0x0000000008000704                RCC_HSEConfig
                0x0000000008000740                RCC_WaitForHSEStartUp
                0x0000000008000780                RCC_AdjustHSICalibrationValue
                0x0000000008000798                RCC_HSICmd
                0x00000000080007a4                RCC_PLLConfig
                0x00000000080007bc                RCC_PLLCmd
                0x00000000080007c8                RCC_SYSCLKConfig
                0x00000000080007dc                RCC_GetSYSCLKSource
                0x00000000080007ec                RCC_HCLKConfig
                0x0000000008000800                RCC_PCLK1Config
                0x0000000008000814                RCC_PCLK2Config
                0x000000000800082c                RCC_ITConfig
                0x0000000008000848                RCC_USBCLKConfig
                0x0000000008000854                RCC_ADCCLKConfig
                0x0000000008000868                RCC_LSEConfig
                0x000000000800088c                RCC_LSICmd
                0x0000000008000898                RCC_RTCCLKConfig
                0x00000000080008a8                RCC_RTCCLKCmd
                0x00000000080008b4                RCC_GetClocksFreq
                0x0000000008000958                RCC_AHBPeriphClockCmd
                0x0000000008000974                RCC_APB2PeriphClockCmd
                0x0000000008000990                RCC_APB1PeriphClockCmd
                0x00000000080009ac                RCC_APB2PeriphResetCmd
                0x00000000080009c8                RCC_APB1PeriphResetCmd
                0x00000000080009e4                RCC_BackupResetCmd
                0x00000000080009f0                RCC_ClockSecuritySystemCmd
                0x00000000080009fc                RCC_MCOConfig
                0x0000000008000a08                RCC_GetFlagStatus
                0x0000000008000a44                RCC_ClearFlag
                0x0000000008000a58                RCC_GetITStatus
                0x0000000008000a6c                RCC_ClearITPendingBit
 .text          0x0000000008000a78      0x41c ./STM32F10x_FWLib/src/stm32f10x_usart.o
                0x0000000008000a78                USART_DeInit
                0x0000000008000b30                USART_Init
                0x0000000008000bec                USART_StructInit
                0x0000000008000c04                USART_ClockInit
                0x0000000008000c28                USART_ClockStructInit
                0x0000000008000c34                USART_Cmd
                0x0000000008000c50                USART_ITConfig
                0x0000000008000c8c                USART_DMACmd
                0x0000000008000ca0                USART_SetAddress
                0x0000000008000cb8                USART_WakeUpConfig
                0x0000000008000cd0                USART_ReceiverWakeUpCmd
                0x0000000008000cec                USART_LINBreakDetectLengthConfig
                0x0000000008000d04                USART_LINCmd
                0x0000000008000d20                USART_SendData
                0x0000000008000d28                USART_ReceiveData
                0x0000000008000d30                USART_SendBreak
                0x0000000008000d3c                USART_SetGuardTime
                0x0000000008000d50                USART_SetPrescaler
                0x0000000008000d64                USART_SmartCardCmd
                0x0000000008000d80                USART_SmartCardNACKCmd
                0x0000000008000d9c                USART_HalfDuplexCmd
                0x0000000008000db8                USART_OverSampling8Cmd
                0x0000000008000dd4                USART_OneBitMethodCmd
                0x0000000008000df0                USART_IrDAConfig
                0x0000000008000e08                USART_IrDACmd
                0x0000000008000e24                USART_GetFlagStatus
                0x0000000008000e30                USART_ClearFlag
                0x0000000008000e38                USART_GetITStatus
                0x0000000008000e84                USART_ClearITPendingBit
 .text          0x0000000008000e94       0xdc ./STM32F10x_FWLib/src/misc.o
                0x0000000008000e94                NVIC_PriorityGroupConfig
                0x0000000008000ea8                NVIC_Init
                0x0000000008000f20                NVIC_SetVectorTable
                0x0000000008000f38                NVIC_SystemLPConfig
                0x0000000008000f54                SysTick_CLKSourceConfig
 .text          0x0000000008000f70      0x5f8 ./STM32F10x_FWLib/src/stm32f10x_gpio.o
                0x0000000008000f70                GPIO_DeInit
                0x0000000008001058                GPIO_AFIODeInit
                0x0000000008001070                GPIO_Init
                0x0000000008001434                GPIO_StructInit
                0x0000000008001444                GPIO_ReadInputDataBit
                0x0000000008001450                GPIO_ReadInputData
                0x0000000008001458                GPIO_ReadOutputDataBit
                0x0000000008001464                GPIO_ReadOutputData
                0x000000000800146c                GPIO_SetBits
                0x0000000008001470                GPIO_ResetBits
                0x0000000008001474                GPIO_WriteBit
                0x0000000008001480                GPIO_Write
                0x0000000008001484                GPIO_PinLockConfig
                0x0000000008001494                GPIO_EventOutputConfig
                0x00000000080014b4                GPIO_EventOutputCmd
                0x00000000080014c0                GPIO_PinRemapConfig
                0x0000000008001530                GPIO_EXTILineConfig
                0x000000000800155c                GPIO_ETH_MediaInterfaceConfig
 *(.text*)
 .text.startup  0x0000000008001568       0x58 ./USER/main.o
                0x0000000008001568                main
 .text.Reset_Handler
                0x00000000080015c0       0x44 ./CORE/startup_stm32f10x_hd.o
                0x00000000080015c0                Reset_Handler
 .text.Default_Handler
                0x0000000008001604        0x2 ./CORE/startup_stm32f10x_hd.o
                0x0000000008001604                EXTI2_IRQHandler
                0x0000000008001604                TIM8_TRG_COM_IRQHandler
                0x0000000008001604                TIM8_CC_IRQHandler
                0x0000000008001604                TIM1_CC_IRQHandler
                0x0000000008001604                TIM6_IRQHandler
                0x0000000008001604                PVD_IRQHandler
                0x0000000008001604                SDIO_IRQHandler
                0x0000000008001604                EXTI3_IRQHandler
                0x0000000008001604                EXTI0_IRQHandler
                0x0000000008001604                I2C2_EV_IRQHandler
                0x0000000008001604                ADC1_2_IRQHandler
                0x0000000008001604                SPI1_IRQHandler
                0x0000000008001604                TAMPER_IRQHandler
                0x0000000008001604                TIM8_UP_IRQHandler
                0x0000000008001604                DMA2_Channel2_IRQHandler
                0x0000000008001604                DMA1_Channel4_IRQHandler
                0x0000000008001604                USART3_IRQHandler
                0x0000000008001604                RTC_IRQHandler
                0x0000000008001604                DMA1_Channel7_IRQHandler
                0x0000000008001604                CAN1_RX1_IRQHandler
                0x0000000008001604                UART5_IRQHandler
                0x0000000008001604                ADC3_IRQHandler
                0x0000000008001604                TIM4_IRQHandler
                0x0000000008001604                DMA2_Channel1_IRQHandler
                0x0000000008001604                I2C1_EV_IRQHandler
                0x0000000008001604                DMA1_Channel6_IRQHandler
                0x0000000008001604                UART4_IRQHandler
                0x0000000008001604                TIM3_IRQHandler
                0x0000000008001604                RCC_IRQHandler
                0x0000000008001604                TIM1_TRG_COM_IRQHandler
                0x0000000008001604                DMA1_Channel1_IRQHandler
                0x0000000008001604                Default_Handler
                0x0000000008001604                EXTI15_10_IRQHandler
                0x0000000008001604                TIM7_IRQHandler
                0x0000000008001604                TIM5_IRQHandler
                0x0000000008001604                EXTI9_5_IRQHandler
                0x0000000008001604                SPI2_IRQHandler
                0x0000000008001604                DMA1_Channel5_IRQHandler
                0x0000000008001604                EXTI4_IRQHandler
                0x0000000008001604                USB_LP_CAN1_RX0_IRQHandler
                0x0000000008001604                USB_HP_CAN1_TX_IRQHandler
                0x0000000008001604                DMA1_Channel3_IRQHandler
                0x0000000008001604                FSMC_IRQHandler
                0x0000000008001604                TIM1_UP_IRQHandler
                0x0000000008001604                WWDG_IRQHandler
                0x0000000008001604                TIM2_IRQHandler
                0x0000000008001604                TIM1_BRK_IRQHandler
                0x0000000008001604                EXTI1_IRQHandler
                0x0000000008001604                RTCAlarm_IRQHandler
                0x0000000008001604                DMA2_Channel4_5_IRQHandler
                0x0000000008001604                USART2_IRQHandler
                0x0000000008001604                I2C2_ER_IRQHandler
                0x0000000008001604                DMA1_Channel2_IRQHandler
                0x0000000008001604                TIM8_BRK_IRQHandler
                0x0000000008001604                CAN1_SCE_IRQHandler
                0x0000000008001604                FLASH_IRQHandler
                0x0000000008001604                SPI3_IRQHandler
                0x0000000008001604                I2C1_ER_IRQHandler
                0x0000000008001604                USBWakeUp_IRQHandler
                0x0000000008001604                DMA2_Channel3_IRQHandler
 *fill*         0x0000000008001606        0x2 
 .text.atexit   0x0000000008001608        0xc /usr/lib/gcc/arm-none-eabi/4.8.2/../../../arm-none-eabi/lib/armv7-m/libc.a(lib_a-atexit.o)
                0x0000000008001608                atexit
 .text.__libc_fini_array
                0x0000000008001614       0x34 /usr/lib/gcc/arm-none-eabi/4.8.2/../../../arm-none-eabi/lib/armv7-m/libc.a(lib_a-fini.o)
                0x0000000008001614                __libc_fini_array
 .text.__register_exitproc
                0x0000000008001648       0xac /usr/lib/gcc/arm-none-eabi/4.8.2/../../../arm-none-eabi/lib/armv7-m/libc.a(lib_a-__atexit.o)
                0x0000000008001648                __register_exitproc
 .text.startup.register_fini
                0x00000000080016f4       0x18 /usr/lib/gcc/arm-none-eabi/4.8.2/../../../arm-none-eabi/lib/armv7-m/libc.a(lib_a-__call_atexit.o)
 *(.rodata)
 *(.rodata*)
 .rodata.str1.4
                0x000000000800170c        0x4 /usr/lib/gcc/arm-none-eabi/4.8.2/../../../arm-none-eabi/lib/armv7-m/libc.a(lib_a-impure.o)
 .rodata._global_impure_ptr
                0x0000000008001710        0x4 /usr/lib/gcc/arm-none-eabi/4.8.2/../../../arm-none-eabi/lib/armv7-m/libc.a(lib_a-impure.o)
                0x0000000008001710                _global_impure_ptr
 *(.glue_7)
 .glue_7        0x0000000000000000        0x0 linker stubs
 *(.glue_7t)
 .glue_7t       0x0000000000000000        0x0 linker stubs
 *(.init)
 .init          0x0000000008001714        0x4 /usr/lib/gcc/arm-none-eabi/4.8.2/armv7-m/crti.o
                0x0000000008001714                _init
 .init          0x0000000008001718        0x8 /usr/lib/gcc/arm-none-eabi/4.8.2/armv7-m/crtn.o
 *(.fini)
 .fini          0x0000000008001720        0x4 /usr/lib/gcc/arm-none-eabi/4.8.2/armv7-m/crti.o
                0x0000000008001720                _fini
 .fini          0x0000000008001724        0x8 /usr/lib/gcc/arm-none-eabi/4.8.2/armv7-m/crtn.o
                0x000000000800172c                . = ALIGN (0x4)
                0x000000000800172c                _etext = .

.vfp11_veneer   0x000000000800172c        0x0
 .vfp11_veneer  0x0000000000000000        0x0 linker stubs

.v4_bx          0x000000000800172c        0x0
 .v4_bx         0x0000000000000000        0x0 linker stubs

.iplt           0x000000000800172c        0x0
 .iplt          0x0000000000000000        0x0 /usr/lib/gcc/arm-none-eabi/4.8.2/armv7-m/crtbegin.o

.rel.dyn        0x000000000800172c        0x0
 .rel.iplt      0x0000000000000000        0x0 /usr/lib/gcc/arm-none-eabi/4.8.2/armv7-m/crtbegin.o

.ARM.extab
 *(.ARM.extab* .gnu.linkonce.armextab.*)

.ARM            0x000000000800172c        0x0
                0x000000000800172c                __exidx_start = .
 *(.ARM.exidx*)
                0x000000000800172c                __exidx_end = .

.ARM.attributes
                0x000000000800172c       0x29
 *(.ARM.attributes)
 .ARM.attributes
                0x000000000800172c       0x1d /usr/lib/gcc/arm-none-eabi/4.8.2/armv7-m/crti.o
 .ARM.attributes
                0x0000000008001749       0x2d /usr/lib/gcc/arm-none-eabi/4.8.2/armv7-m/crtbegin.o
 .ARM.attributes
                0x0000000008001776       0x33 ./HARDWARE/LED/led.o
 .ARM.attributes
                0x00000000080017a9       0x33 ./SYSTEM/delay/delay.o
 .ARM.attributes
                0x00000000080017dc       0x33 ./SYSTEM/usart/usart.o
 .ARM.attributes
                0x000000000800180f       0x33 ./USER/main.o
 .ARM.attributes
                0x0000000008001842       0x33 ./USER/system_stm32f10x.o
 .ARM.attributes
                0x0000000008001875       0x33 ./USER/stm32f10x_it.o
 .ARM.attributes
                0x00000000080018a8       0x33 ./STM32F10x_FWLib/src/stm32f10x_rcc.o
 .ARM.attributes
                0x00000000080018db       0x33 ./STM32F10x_FWLib/src/stm32f10x_usart.o
 .ARM.attributes
                0x000000000800190e       0x33 ./STM32F10x_FWLib/src/misc.o
 .ARM.attributes
                0x0000000008001941       0x33 ./STM32F10x_FWLib/src/stm32f10x_gpio.o
 .ARM.attributes
                0x0000000008001974       0x21 ./CORE/startup_stm32f10x_hd.o
 .ARM.attributes
                0x0000000008001995       0x2d /usr/lib/gcc/arm-none-eabi/4.8.2/../../../arm-none-eabi/lib/armv7-m/libc.a(lib_a-atexit.o)
 .ARM.attributes
                0x00000000080019c2       0x2d /usr/lib/gcc/arm-none-eabi/4.8.2/../../../arm-none-eabi/lib/armv7-m/libc.a(lib_a-fini.o)
 .ARM.attributes
                0x00000000080019ef       0x2d /usr/lib/gcc/arm-none-eabi/4.8.2/../../../arm-none-eabi/lib/armv7-m/libc.a(lib_a-impure.o)
 .ARM.attributes
                0x0000000008001a1c       0x2d /usr/lib/gcc/arm-none-eabi/4.8.2/../../../arm-none-eabi/lib/armv7-m/libc.a(lib_a-__atexit.o)
 .ARM.attributes
                0x0000000008001a49       0x2d /usr/lib/gcc/arm-none-eabi/4.8.2/../../../arm-none-eabi/lib/armv7-m/libc.a(lib_a-__call_atexit.o)
 .ARM.attributes
                0x0000000008001a76       0x2d /usr/lib/gcc/arm-none-eabi/4.8.2/armv7-m/crtend.o
 .ARM.attributes
                0x0000000008001aa3       0x1d /usr/lib/gcc/arm-none-eabi/4.8.2/armv7-m/crtn.o

.preinit_array  0x000000000800172c        0x0
                0x000000000800172c                PROVIDE (__preinit_array_start, .)
 *(.preinit_array*)
                0x000000000800172c                PROVIDE (__preinit_array_end, .)

.init_array     0x000000000800172c        0x8
                0x000000000800172c                PROVIDE (__init_array_start, .)
 *(SORT(.init_array.*))
 .init_array.00000
                0x000000000800172c        0x4 /usr/lib/gcc/arm-none-eabi/4.8.2/../../../arm-none-eabi/lib/armv7-m/libc.a(lib_a-__call_atexit.o)
 *(.init_array*)
 .init_array    0x0000000008001730        0x4 /usr/lib/gcc/arm-none-eabi/4.8.2/armv7-m/crtbegin.o
                0x0000000008001734                PROVIDE (__init_array_end, .)

.fini_array     0x0000000008001734        0x4
                0x0000000008001734                PROVIDE (__fini_array_start, .)
 *(.fini_array*)
 .fini_array    0x0000000008001734        0x4 /usr/lib/gcc/arm-none-eabi/4.8.2/armv7-m/crtbegin.o
 *(SORT(.fini_array.*))
                0x0000000008001738                PROVIDE (__fini_array_end, .)
                0x0000000008001738                _sidata = .

.data           0x0000000020000000      0x450 load address 0x0000000008001738
                0x0000000020000000                . = ALIGN (0x4)
                0x0000000020000000                _sdata = .
 *(.data)
 .data          0x0000000020000000       0x14 ./USER/system_stm32f10x.o
                0x0000000020000000                AHBPrescTable
                0x0000000020000010                SystemCoreClock
 .data          0x0000000020000014       0x14 ./STM32F10x_FWLib/src/stm32f10x_rcc.o
 *(.data*)
 .data.impure_data
                0x0000000020000028      0x428 /usr/lib/gcc/arm-none-eabi/4.8.2/../../../arm-none-eabi/lib/armv7-m/libc.a(lib_a-impure.o)
                0x0000000020000450                . = ALIGN (0x4)
                0x0000000020000450                _edata = .

.jcr            0x0000000020000450        0x0 load address 0x0000000008001b88
 .jcr           0x0000000020000450        0x0 /usr/lib/gcc/arm-none-eabi/4.8.2/armv7-m/crtbegin.o

.tm_clone_table
                0x0000000020000450        0x0 load address 0x0000000008001b88
 .tm_clone_table
                0x0000000020000450        0x0 /usr/lib/gcc/arm-none-eabi/4.8.2/armv7-m/crtbegin.o
 .tm_clone_table
                0x0000000020000450        0x0 /usr/lib/gcc/arm-none-eabi/4.8.2/armv7-m/crtend.o

.igot.plt       0x0000000020000450        0x0 load address 0x0000000008001b88
 .igot.plt      0x0000000000000000        0x0 /usr/lib/gcc/arm-none-eabi/4.8.2/armv7-m/crtbegin.o
                0x0000000020000450                . = ALIGN (0x4)

.bss            0x0000000020000450      0x154 load address 0x0000000008001b88
                0x0000000020000450                _sbss = .
                0x0000000020000450                __bss_start__ = _sbss
 *(.bss)
 .bss           0x0000000020000450       0x1c /usr/lib/gcc/arm-none-eabi/4.8.2/armv7-m/crtbegin.o
 .bss           0x000000002000046c        0x4 ./SYSTEM/delay/delay.o
 .bss           0x0000000020000470        0x2 ./SYSTEM/usart/usart.o
                0x0000000020000470                USART_RX_STA
 *(.bss*)
 *(COMMON)
 *fill*         0x0000000020000472        0x2 
 COMMON         0x0000000020000474      0x130 ./SYSTEM/usart/usart.o
                0x0000000020000474                USART_RX_BUF
                0x000000002000053c                __stdout
                0x00000000200005a4                . = ALIGN (0x4)
                0x00000000200005a4                _ebss = .
                0x00000000200005a4                __bss_end__ = _ebss
                0x00000000200005a4                PROVIDE (end, _ebss)
                0x00000000200005a4                PROVIDE (_end, _ebss)

._user_heap_stack
                0x00000000200005a4      0x200 load address 0x0000000008001cdc
                0x00000000200005a4                . = ALIGN (0x4)
                0x00000000200005a4                . = (. + _Min_Heap_Size)
                0x00000000200007a4                . = (. + _Min_Stack_Size)
 *fill*         0x00000000200005a4      0x200 
                0x00000000200007a4                . = ALIGN (0x4)

.memory_b1_text
 *(.mb1text)
 *(.mb1text*)
 *(.mb1rodata)
 *(.mb1rodata*)

/DISCARD/
 libc.a(*)
 libm.a(*)
 libgcc.a(*)
OUTPUT(LED.elf elf32-littlearm)

.comment        0x0000000000000000       0x1f
 .comment       0x0000000000000000       0x1f /usr/lib/gcc/arm-none-eabi/4.8.2/armv7-m/crtbegin.o
                                         0x20 (size before relaxing)
 .comment       0x0000000000000000       0x20 ./HARDWARE/LED/led.o
 .comment       0x0000000000000000       0x20 ./SYSTEM/delay/delay.o
 .comment       0x0000000000000000       0x20 ./SYSTEM/usart/usart.o
 .comment       0x0000000000000000       0x20 ./USER/main.o
 .comment       0x0000000000000000       0x20 ./USER/system_stm32f10x.o
 .comment       0x0000000000000000       0x20 ./USER/stm32f10x_it.o
 .comment       0x0000000000000000       0x20 ./STM32F10x_FWLib/src/stm32f10x_rcc.o
 .comment       0x0000000000000000       0x20 ./STM32F10x_FWLib/src/stm32f10x_usart.o
 .comment       0x0000000000000000       0x20 ./STM32F10x_FWLib/src/misc.o
 .comment       0x0000000000000000       0x20 ./STM32F10x_FWLib/src/stm32f10x_gpio.o
 .comment       0x0000000000000000       0x20 /usr/lib/gcc/arm-none-eabi/4.8.2/../../../arm-none-eabi/lib/armv7-m/libc.a(lib_a-atexit.o)
 .comment       0x0000000000000000       0x20 /usr/lib/gcc/arm-none-eabi/4.8.2/../../../arm-none-eabi/lib/armv7-m/libc.a(lib_a-fini.o)
 .comment       0x0000000000000000       0x20 /usr/lib/gcc/arm-none-eabi/4.8.2/../../../arm-none-eabi/lib/armv7-m/libc.a(lib_a-impure.o)
 .comment       0x0000000000000000       0x20 /usr/lib/gcc/arm-none-eabi/4.8.2/../../../arm-none-eabi/lib/armv7-m/libc.a(lib_a-__atexit.o)
 .comment       0x0000000000000000       0x20 /usr/lib/gcc/arm-none-eabi/4.8.2/../../../arm-none-eabi/lib/armv7-m/libc.a(lib_a-__call_atexit.o)
 .comment       0x0000000000000000       0x20 /usr/lib/gcc/arm-none-eabi/4.8.2/armv7-m/crtend.o

.debug_info     0x0000000000000000     0x5c2d
 .debug_info    0x0000000000000000      0x2d8 ./HARDWARE/LED/led.o
 .debug_info    0x00000000000002d8      0x205 ./SYSTEM/delay/delay.o
 .debug_info    0x00000000000004dd     0x1035 ./SYSTEM/usart/usart.o
 .debug_info    0x0000000000001512      0x223 ./USER/main.o
 .debug_info    0x0000000000001735      0x460 ./USER/system_stm32f10x.o
 .debug_info    0x0000000000001b95      0x11d ./USER/stm32f10x_it.o
 .debug_info    0x0000000000001cb2      0x925 ./STM32F10x_FWLib/src/stm32f10x_rcc.o
 .debug_info    0x00000000000025d7      0xb2a ./STM32F10x_FWLib/src/stm32f10x_usart.o
 .debug_info    0x0000000000003101      0x4f1 ./STM32F10x_FWLib/src/misc.o
 .debug_info    0x00000000000035f2      0x875 ./STM32F10x_FWLib/src/stm32f10x_gpio.o
 .debug_info    0x0000000000003e67       0x5b ./CORE/startup_stm32f10x_hd.o
 .debug_info    0x0000000000003ec2      0x10a /usr/lib/gcc/arm-none-eabi/4.8.2/../../../arm-none-eabi/lib/armv7-m/libc.a(lib_a-atexit.o)
 .debug_info    0x0000000000003fcc       0xef /usr/lib/gcc/arm-none-eabi/4.8.2/../../../arm-none-eabi/lib/armv7-m/libc.a(lib_a-fini.o)
 .debug_info    0x00000000000040bb      0x894 /usr/lib/gcc/arm-none-eabi/4.8.2/../../../arm-none-eabi/lib/armv7-m/libc.a(lib_a-impure.o)
 .debug_info    0x000000000000494f      0x934 /usr/lib/gcc/arm-none-eabi/4.8.2/../../../arm-none-eabi/lib/armv7-m/libc.a(lib_a-__atexit.o)
 .debug_info    0x0000000000005283      0x9aa /usr/lib/gcc/arm-none-eabi/4.8.2/../../../arm-none-eabi/lib/armv7-m/libc.a(lib_a-__call_atexit.o)

.debug_abbrev   0x0000000000000000     0x17a9
 .debug_abbrev  0x0000000000000000      0x147 ./HARDWARE/LED/led.o
 .debug_abbrev  0x0000000000000147      0x122 ./SYSTEM/delay/delay.o
 .debug_abbrev  0x0000000000000269      0x2e2 ./SYSTEM/usart/usart.o
 .debug_abbrev  0x000000000000054b      0x124 ./USER/main.o
 .debug_abbrev  0x000000000000066f      0x199 ./USER/system_stm32f10x.o
 .debug_abbrev  0x0000000000000808       0x5a ./USER/stm32f10x_it.o
 .debug_abbrev  0x0000000000000862      0x257 ./STM32F10x_FWLib/src/stm32f10x_rcc.o
 .debug_abbrev  0x0000000000000ab9      0x1eb ./STM32F10x_FWLib/src/stm32f10x_usart.o
 .debug_abbrev  0x0000000000000ca4      0x165 ./STM32F10x_FWLib/src/misc.o
 .debug_abbrev  0x0000000000000e09      0x205 ./STM32F10x_FWLib/src/stm32f10x_gpio.o
 .debug_abbrev  0x000000000000100e       0x12 ./CORE/startup_stm32f10x_hd.o
 .debug_abbrev  0x0000000000001020       0xb8 /usr/lib/gcc/arm-none-eabi/4.8.2/../../../arm-none-eabi/lib/armv7-m/libc.a(lib_a-atexit.o)
 .debug_abbrev  0x00000000000010d8       0xbd /usr/lib/gcc/arm-none-eabi/4.8.2/../../../arm-none-eabi/lib/armv7-m/libc.a(lib_a-fini.o)
 .debug_abbrev  0x0000000000001195      0x180 /usr/lib/gcc/arm-none-eabi/4.8.2/../../../arm-none-eabi/lib/armv7-m/libc.a(lib_a-impure.o)
 .debug_abbrev  0x0000000000001315      0x20f /usr/lib/gcc/arm-none-eabi/4.8.2/../../../arm-none-eabi/lib/armv7-m/libc.a(lib_a-__atexit.o)
 .debug_abbrev  0x0000000000001524      0x285 /usr/lib/gcc/arm-none-eabi/4.8.2/../../../arm-none-eabi/lib/armv7-m/libc.a(lib_a-__call_atexit.o)

.debug_aranges  0x0000000000000000      0x208
 .debug_aranges
                0x0000000000000000       0x20 ./HARDWARE/LED/led.o
 .debug_aranges
                0x0000000000000020       0x20 ./SYSTEM/delay/delay.o
 .debug_aranges
                0x0000000000000040       0x20 ./SYSTEM/usart/usart.o
 .debug_aranges
                0x0000000000000060       0x20 ./USER/main.o
 .debug_aranges
                0x0000000000000080       0x20 ./USER/system_stm32f10x.o
 .debug_aranges
                0x00000000000000a0       0x20 ./USER/stm32f10x_it.o
 .debug_aranges
                0x00000000000000c0       0x20 ./STM32F10x_FWLib/src/stm32f10x_rcc.o
 .debug_aranges
                0x00000000000000e0       0x20 ./STM32F10x_FWLib/src/stm32f10x_usart.o
 .debug_aranges
                0x0000000000000100       0x20 ./STM32F10x_FWLib/src/misc.o
 .debug_aranges
                0x0000000000000120       0x20 ./STM32F10x_FWLib/src/stm32f10x_gpio.o
 .debug_aranges
                0x0000000000000140       0x28 ./CORE/startup_stm32f10x_hd.o
 .debug_aranges
                0x0000000000000168       0x20 /usr/lib/gcc/arm-none-eabi/4.8.2/../../../arm-none-eabi/lib/armv7-m/libc.a(lib_a-atexit.o)
 .debug_aranges
                0x0000000000000188       0x20 /usr/lib/gcc/arm-none-eabi/4.8.2/../../../arm-none-eabi/lib/armv7-m/libc.a(lib_a-fini.o)
 .debug_aranges
                0x00000000000001a8       0x18 /usr/lib/gcc/arm-none-eabi/4.8.2/../../../arm-none-eabi/lib/armv7-m/libc.a(lib_a-impure.o)
 .debug_aranges
                0x00000000000001c0       0x20 /usr/lib/gcc/arm-none-eabi/4.8.2/../../../arm-none-eabi/lib/armv7-m/libc.a(lib_a-__atexit.o)
 .debug_aranges
                0x00000000000001e0       0x28 /usr/lib/gcc/arm-none-eabi/4.8.2/../../../arm-none-eabi/lib/armv7-m/libc.a(lib_a-__call_atexit.o)

.debug_line     0x0000000000000000     0x1894
 .debug_line    0x0000000000000000      0x16b ./HARDWARE/LED/led.o
 .debug_line    0x000000000000016b      0x19e ./SYSTEM/delay/delay.o
 .debug_line    0x0000000000000309      0x24b ./SYSTEM/usart/usart.o
 .debug_line    0x0000000000000554      0x1b7 ./USER/main.o
 .debug_line    0x000000000000070b      0x144 ./USER/system_stm32f10x.o
 .debug_line    0x000000000000084f       0x7d ./USER/stm32f10x_it.o
 .debug_line    0x00000000000008cc      0x27f ./STM32F10x_FWLib/src/stm32f10x_rcc.o
 .debug_line    0x0000000000000b4b      0x2c9 ./STM32F10x_FWLib/src/stm32f10x_usart.o
 .debug_line    0x0000000000000e14      0x174 ./STM32F10x_FWLib/src/misc.o
 .debug_line    0x0000000000000f88      0x383 ./STM32F10x_FWLib/src/stm32f10x_gpio.o
 .debug_line    0x000000000000130b       0x77 ./CORE/startup_stm32f10x_hd.o
 .debug_line    0x0000000000001382       0xa6 /usr/lib/gcc/arm-none-eabi/4.8.2/../../../arm-none-eabi/lib/armv7-m/libc.a(lib_a-atexit.o)
 .debug_line    0x0000000000001428       0x9c /usr/lib/gcc/arm-none-eabi/4.8.2/../../../arm-none-eabi/lib/armv7-m/libc.a(lib_a-fini.o)
 .debug_line    0x00000000000014c4       0xd6 /usr/lib/gcc/arm-none-eabi/4.8.2/../../../arm-none-eabi/lib/armv7-m/libc.a(lib_a-impure.o)
 .debug_line    0x000000000000159a      0x160 /usr/lib/gcc/arm-none-eabi/4.8.2/../../../arm-none-eabi/lib/armv7-m/libc.a(lib_a-__atexit.o)
 .debug_line    0x00000000000016fa      0x19a /usr/lib/gcc/arm-none-eabi/4.8.2/../../../arm-none-eabi/lib/armv7-m/libc.a(lib_a-__call_atexit.o)

.debug_str      0x0000000000000000     0x1bb8
 .debug_str     0x0000000000000000      0x268 ./HARDWARE/LED/led.o
                                        0x2ae (size before relaxing)
 .debug_str     0x0000000000000268       0x94 ./SYSTEM/delay/delay.o
                                        0x1b1 (size before relaxing)
 .debug_str     0x00000000000002fc      0x96f ./SYSTEM/usart/usart.o
                                        0xc4d (size before relaxing)
 .debug_str     0x0000000000000c6b       0x20 ./USER/main.o
                                        0x176 (size before relaxing)
 .debug_str     0x0000000000000c8b      0x131 ./USER/system_stm32f10x.o
                                        0x281 (size before relaxing)
 .debug_str     0x0000000000000dbc       0xa4 ./USER/stm32f10x_it.o
                                        0x191 (size before relaxing)
 .debug_str     0x0000000000000e60      0x3ce ./STM32F10x_FWLib/src/stm32f10x_rcc.o
                                        0x5ca (size before relaxing)
 .debug_str     0x000000000000122e      0x337 ./STM32F10x_FWLib/src/stm32f10x_usart.o
                                        0x680 (size before relaxing)
 .debug_str     0x0000000000001565       0xfd ./STM32F10x_FWLib/src/misc.o
                                        0x368 (size before relaxing)
 .debug_str     0x0000000000001662      0x21c ./STM32F10x_FWLib/src/stm32f10x_gpio.o
                                        0x4e0 (size before relaxing)
 .debug_str     0x000000000000187e      0x140 /usr/lib/gcc/arm-none-eabi/4.8.2/../../../arm-none-eabi/lib/armv7-m/libc.a(lib_a-atexit.o)
                                        0x1d9 (size before relaxing)
 .debug_str     0x00000000000019be       0xaf /usr/lib/gcc/arm-none-eabi/4.8.2/../../../arm-none-eabi/lib/armv7-m/libc.a(lib_a-fini.o)
                                        0x1d1 (size before relaxing)
 .debug_str     0x0000000000001a6d       0x95 /usr/lib/gcc/arm-none-eabi/4.8.2/../../../arm-none-eabi/lib/armv7-m/libc.a(lib_a-impure.o)
                                        0x56d (size before relaxing)
 .debug_str     0x0000000000001b02       0x30 /usr/lib/gcc/arm-none-eabi/4.8.2/../../../arm-none-eabi/lib/armv7-m/libc.a(lib_a-__atexit.o)
                                        0x5b5 (size before relaxing)
 .debug_str     0x0000000000001b32       0x86 /usr/lib/gcc/arm-none-eabi/4.8.2/../../../arm-none-eabi/lib/armv7-m/libc.a(lib_a-__call_atexit.o)
                                        0x5cd (size before relaxing)

.debug_frame    0x0000000000000000      0x890
 .debug_frame   0x0000000000000000       0x30 ./HARDWARE/LED/led.o
 .debug_frame   0x0000000000000030       0x48 ./SYSTEM/delay/delay.o
 .debug_frame   0x0000000000000078       0x6c ./SYSTEM/usart/usart.o
 .debug_frame   0x00000000000000e4       0x28 ./USER/main.o
 .debug_frame   0x000000000000010c       0x38 ./USER/system_stm32f10x.o
 .debug_frame   0x0000000000000144       0xa0 ./USER/stm32f10x_it.o
 .debug_frame   0x00000000000001e4      0x21c ./STM32F10x_FWLib/src/stm32f10x_rcc.o
 .debug_frame   0x0000000000000400      0x20c ./STM32F10x_FWLib/src/stm32f10x_usart.o
 .debug_frame   0x000000000000060c       0x68 ./STM32F10x_FWLib/src/misc.o
 .debug_frame   0x0000000000000674      0x158 ./STM32F10x_FWLib/src/stm32f10x_gpio.o
 .debug_frame   0x00000000000007cc       0x20 /usr/lib/gcc/arm-none-eabi/4.8.2/../../../arm-none-eabi/lib/armv7-m/libc.a(lib_a-atexit.o)
 .debug_frame   0x00000000000007ec       0x2c /usr/lib/gcc/arm-none-eabi/4.8.2/../../../arm-none-eabi/lib/armv7-m/libc.a(lib_a-fini.o)
 .debug_frame   0x0000000000000818       0x30 /usr/lib/gcc/arm-none-eabi/4.8.2/../../../arm-none-eabi/lib/armv7-m/libc.a(lib_a-__atexit.o)
 .debug_frame   0x0000000000000848       0x48 /usr/lib/gcc/arm-none-eabi/4.8.2/../../../arm-none-eabi/lib/armv7-m/libc.a(lib_a-__call_atexit.o)

.debug_loc      0x0000000000000000     0x28af
 .debug_loc     0x0000000000000000       0x68 ./SYSTEM/delay/delay.o
 .debug_loc     0x0000000000000068       0x60 ./SYSTEM/usart/usart.o
 .debug_loc     0x00000000000000c8       0x9e ./USER/system_stm32f10x.o
 .debug_loc     0x0000000000000166      0x7c9 ./STM32F10x_FWLib/src/stm32f10x_rcc.o
 .debug_loc     0x000000000000092f      0x652 ./STM32F10x_FWLib/src/stm32f10x_usart.o
 .debug_loc     0x0000000000000f81      0x13d ./STM32F10x_FWLib/src/misc.o
 .debug_loc     0x00000000000010be     0x14c7 ./STM32F10x_FWLib/src/stm32f10x_gpio.o
 .debug_loc     0x0000000000002585       0x2c /usr/lib/gcc/arm-none-eabi/4.8.2/../../../arm-none-eabi/lib/armv7-m/libc.a(lib_a-atexit.o)
 .debug_loc     0x00000000000025b1       0x5c /usr/lib/gcc/arm-none-eabi/4.8.2/../../../arm-none-eabi/lib/armv7-m/libc.a(lib_a-fini.o)
 .debug_loc     0x000000000000260d      0x14d /usr/lib/gcc/arm-none-eabi/4.8.2/../../../arm-none-eabi/lib/armv7-m/libc.a(lib_a-__atexit.o)
 .debug_loc     0x000000000000275a      0x155 /usr/lib/gcc/arm-none-eabi/4.8.2/../../../arm-none-eabi/lib/armv7-m/libc.a(lib_a-__call_atexit.o)

.debug_ranges   0x0000000000000000       0xe0
 .debug_ranges  0x0000000000000000       0x10 ./SYSTEM/usart/usart.o
 .debug_ranges  0x0000000000000010       0x10 ./USER/main.o
 .debug_ranges  0x0000000000000020       0x20 ./USER/system_stm32f10x.o
 .debug_ranges  0x0000000000000040       0x18 ./STM32F10x_FWLib/src/stm32f10x_rcc.o
 .debug_ranges  0x0000000000000058       0x20 ./CORE/startup_stm32f10x_hd.o
 .debug_ranges  0x0000000000000078       0x10 /usr/lib/gcc/arm-none-eabi/4.8.2/../../../arm-none-eabi/lib/armv7-m/libc.a(lib_a-atexit.o)
 .debug_ranges  0x0000000000000088       0x10 /usr/lib/gcc/arm-none-eabi/4.8.2/../../../arm-none-eabi/lib/armv7-m/libc.a(lib_a-fini.o)
 .debug_ranges  0x0000000000000098       0x10 /usr/lib/gcc/arm-none-eabi/4.8.2/../../../arm-none-eabi/lib/armv7-m/libc.a(lib_a-__atexit.o)
 .debug_ranges  0x00000000000000a8       0x38 /usr/lib/gcc/arm-none-eabi/4.8.2/../../../arm-none-eabi/lib/armv7-m/libc.a(lib_a-__call_atexit.o)

Cross Reference Table

Symbol                                            File
ADC1_2_IRQHandler                                 ./CORE/startup_stm32f10x_hd.o
ADC3_IRQHandler                                   ./CORE/startup_stm32f10x_hd.o
ADC_AnalogWatchdogCmd                             ./STM32F10x_FWLib/src/stm32f10x_adc.o
ADC_AnalogWatchdogSingleChannelConfig             ./STM32F10x_FWLib/src/stm32f10x_adc.o
ADC_AnalogWatchdogThresholdsConfig                ./STM32F10x_FWLib/src/stm32f10x_adc.o
ADC_AutoInjectedConvCmd                           ./STM32F10x_FWLib/src/stm32f10x_adc.o
ADC_ClearFlag                                     ./STM32F10x_FWLib/src/stm32f10x_adc.o
ADC_ClearITPendingBit                             ./STM32F10x_FWLib/src/stm32f10x_adc.o
ADC_Cmd                                           ./STM32F10x_FWLib/src/stm32f10x_adc.o
ADC_DMACmd                                        ./STM32F10x_FWLib/src/stm32f10x_adc.o
ADC_DeInit                                        ./STM32F10x_FWLib/src/stm32f10x_adc.o
ADC_DiscModeChannelCountConfig                    ./STM32F10x_FWLib/src/stm32f10x_adc.o
ADC_DiscModeCmd                                   ./STM32F10x_FWLib/src/stm32f10x_adc.o
ADC_ExternalTrigConvCmd                           ./STM32F10x_FWLib/src/stm32f10x_adc.o
ADC_ExternalTrigInjectedConvCmd                   ./STM32F10x_FWLib/src/stm32f10x_adc.o
ADC_ExternalTrigInjectedConvConfig                ./STM32F10x_FWLib/src/stm32f10x_adc.o
ADC_GetCalibrationStatus                          ./STM32F10x_FWLib/src/stm32f10x_adc.o
ADC_GetConversionValue                            ./STM32F10x_FWLib/src/stm32f10x_adc.o
ADC_GetDualModeConversionValue                    ./STM32F10x_FWLib/src/stm32f10x_adc.o
ADC_GetFlagStatus                                 ./STM32F10x_FWLib/src/stm32f10x_adc.o
ADC_GetITStatus                                   ./STM32F10x_FWLib/src/stm32f10x_adc.o
ADC_GetInjectedConversionValue                    ./STM32F10x_FWLib/src/stm32f10x_adc.o
ADC_GetResetCalibrationStatus                     ./STM32F10x_FWLib/src/stm32f10x_adc.o
ADC_GetSoftwareStartConvStatus                    ./STM32F10x_FWLib/src/stm32f10x_adc.o
ADC_GetSoftwareStartInjectedConvCmdStatus         ./STM32F10x_FWLib/src/stm32f10x_adc.o
ADC_ITConfig                                      ./STM32F10x_FWLib/src/stm32f10x_adc.o
ADC_Init                                          ./STM32F10x_FWLib/src/stm32f10x_adc.o
ADC_InjectedChannelConfig                         ./STM32F10x_FWLib/src/stm32f10x_adc.o
ADC_InjectedDiscModeCmd                           ./STM32F10x_FWLib/src/stm32f10x_adc.o
ADC_InjectedSequencerLengthConfig                 ./STM32F10x_FWLib/src/stm32f10x_adc.o
ADC_RegularChannelConfig                          ./STM32F10x_FWLib/src/stm32f10x_adc.o
ADC_ResetCalibration                              ./STM32F10x_FWLib/src/stm32f10x_adc.o
ADC_SetInjectedOffset                             ./STM32F10x_FWLib/src/stm32f10x_adc.o
ADC_SoftwareStartConvCmd                          ./STM32F10x_FWLib/src/stm32f10x_adc.o
ADC_SoftwareStartInjectedConvCmd                  ./STM32F10x_FWLib/src/stm32f10x_adc.o
ADC_StartCalibration                              ./STM32F10x_FWLib/src/stm32f10x_adc.o
ADC_StructInit                                    ./STM32F10x_FWLib/src/stm32f10x_adc.o
ADC_TempSensorVrefintCmd                          ./STM32F10x_FWLib/src/stm32f10x_adc.o
AHBPrescTable                                     ./USER/system_stm32f10x.o
BKP_ClearFlag                                     ./STM32F10x_FWLib/src/stm32f10x_bkp.o
BKP_ClearITPendingBit                             ./STM32F10x_FWLib/src/stm32f10x_bkp.o
BKP_DeInit                                        ./STM32F10x_FWLib/src/stm32f10x_bkp.o
BKP_GetFlagStatus                                 ./STM32F10x_FWLib/src/stm32f10x_bkp.o
BKP_GetITStatus                                   ./STM32F10x_FWLib/src/stm32f10x_bkp.o
BKP_ITConfig                                      ./STM32F10x_FWLib/src/stm32f10x_bkp.o
BKP_RTCOutputConfig                               ./STM32F10x_FWLib/src/stm32f10x_bkp.o
BKP_ReadBackupRegister                            ./STM32F10x_FWLib/src/stm32f10x_bkp.o
BKP_SetRTCCalibrationValue                        ./STM32F10x_FWLib/src/stm32f10x_bkp.o
BKP_TamperPinCmd                                  ./STM32F10x_FWLib/src/stm32f10x_bkp.o
BKP_TamperPinLevelConfig                          ./STM32F10x_FWLib/src/stm32f10x_bkp.o
BKP_WriteBackupRegister                           ./STM32F10x_FWLib/src/stm32f10x_bkp.o
BusFault_Handler                                  ./USER/stm32f10x_it.o
CAN1_RX1_IRQHandler                               ./CORE/startup_stm32f10x_hd.o
CAN1_SCE_IRQHandler                               ./CORE/startup_stm32f10x_hd.o
CAN_CancelTransmit                                ./STM32F10x_FWLib/src/stm32f10x_can.o
CAN_ClearFlag                                     ./STM32F10x_FWLib/src/stm32f10x_can.o
CAN_ClearITPendingBit                             ./STM32F10x_FWLib/src/stm32f10x_can.o
CAN_DBGFreeze                                     ./STM32F10x_FWLib/src/stm32f10x_can.o
CAN_DeInit                                        ./STM32F10x_FWLib/src/stm32f10x_can.o
CAN_FIFORelease                                   ./STM32F10x_FWLib/src/stm32f10x_can.o
CAN_FilterInit                                    ./STM32F10x_FWLib/src/stm32f10x_can.o
CAN_GetFlagStatus                                 ./STM32F10x_FWLib/src/stm32f10x_can.o
CAN_GetITStatus                                   ./STM32F10x_FWLib/src/stm32f10x_can.o
CAN_GetLSBTransmitErrorCounter                    ./STM32F10x_FWLib/src/stm32f10x_can.o
CAN_GetLastErrorCode                              ./STM32F10x_FWLib/src/stm32f10x_can.o
CAN_GetReceiveErrorCounter                        ./STM32F10x_FWLib/src/stm32f10x_can.o
CAN_ITConfig                                      ./STM32F10x_FWLib/src/stm32f10x_can.o
CAN_Init                                          ./STM32F10x_FWLib/src/stm32f10x_can.o
CAN_MessagePending                                ./STM32F10x_FWLib/src/stm32f10x_can.o
CAN_OperatingModeRequest                          ./STM32F10x_FWLib/src/stm32f10x_can.o
CAN_Receive                                       ./STM32F10x_FWLib/src/stm32f10x_can.o
CAN_SlaveStartBank                                ./STM32F10x_FWLib/src/stm32f10x_can.o
CAN_Sleep                                         ./STM32F10x_FWLib/src/stm32f10x_can.o
CAN_StructInit                                    ./STM32F10x_FWLib/src/stm32f10x_can.o
CAN_TTComModeCmd                                  ./STM32F10x_FWLib/src/stm32f10x_can.o
CAN_Transmit                                      ./STM32F10x_FWLib/src/stm32f10x_can.o
CAN_TransmitStatus                                ./STM32F10x_FWLib/src/stm32f10x_can.o
CAN_WakeUp                                        ./STM32F10x_FWLib/src/stm32f10x_can.o
CEC_ClearFlag                                     ./STM32F10x_FWLib/src/stm32f10x_cec.o
CEC_ClearITPendingBit                             ./STM32F10x_FWLib/src/stm32f10x_cec.o
CEC_Cmd                                           ./STM32F10x_FWLib/src/stm32f10x_cec.o
CEC_DeInit                                        ./STM32F10x_FWLib/src/stm32f10x_cec.o
CEC_EndOfMessageCmd                               ./STM32F10x_FWLib/src/stm32f10x_cec.o
CEC_GetFlagStatus                                 ./STM32F10x_FWLib/src/stm32f10x_cec.o
CEC_GetITStatus                                   ./STM32F10x_FWLib/src/stm32f10x_cec.o
CEC_ITConfig                                      ./STM32F10x_FWLib/src/stm32f10x_cec.o
CEC_Init                                          ./STM32F10x_FWLib/src/stm32f10x_cec.o
CEC_OwnAddressConfig                              ./STM32F10x_FWLib/src/stm32f10x_cec.o
CEC_ReceiveDataByte                               ./STM32F10x_FWLib/src/stm32f10x_cec.o
CEC_SendDataByte                                  ./STM32F10x_FWLib/src/stm32f10x_cec.o
CEC_SetPrescaler                                  ./STM32F10x_FWLib/src/stm32f10x_cec.o
CEC_StartOfMessage                                ./STM32F10x_FWLib/src/stm32f10x_cec.o
CRC_CalcBlockCRC                                  ./STM32F10x_FWLib/src/stm32f10x_crc.o
CRC_CalcCRC                                       ./STM32F10x_FWLib/src/stm32f10x_crc.o
CRC_GetCRC                                        ./STM32F10x_FWLib/src/stm32f10x_crc.o
CRC_GetIDRegister                                 ./STM32F10x_FWLib/src/stm32f10x_crc.o
CRC_ResetDR                                       ./STM32F10x_FWLib/src/stm32f10x_crc.o
CRC_SetIDRegister                                 ./STM32F10x_FWLib/src/stm32f10x_crc.o
DAC_Cmd                                           ./STM32F10x_FWLib/src/stm32f10x_dac.o
DAC_DMACmd                                        ./STM32F10x_FWLib/src/stm32f10x_dac.o
DAC_DeInit                                        ./STM32F10x_FWLib/src/stm32f10x_dac.o
DAC_DualSoftwareTriggerCmd                        ./STM32F10x_FWLib/src/stm32f10x_dac.o
DAC_GetDataOutputValue                            ./STM32F10x_FWLib/src/stm32f10x_dac.o
DAC_Init                                          ./STM32F10x_FWLib/src/stm32f10x_dac.o
DAC_SetChannel1Data                               ./STM32F10x_FWLib/src/stm32f10x_dac.o
DAC_SetChannel2Data                               ./STM32F10x_FWLib/src/stm32f10x_dac.o
DAC_SetDualChannelData                            ./STM32F10x_FWLib/src/stm32f10x_dac.o
DAC_SoftwareTriggerCmd                            ./STM32F10x_FWLib/src/stm32f10x_dac.o
DAC_StructInit                                    ./STM32F10x_FWLib/src/stm32f10x_dac.o
DAC_WaveGenerationCmd                             ./STM32F10x_FWLib/src/stm32f10x_dac.o
DBGMCU_Config                                     ./STM32F10x_FWLib/src/stm32f10x_dbgmcu.o
DBGMCU_GetDEVID                                   ./STM32F10x_FWLib/src/stm32f10x_dbgmcu.o
DBGMCU_GetREVID                                   ./STM32F10x_FWLib/src/stm32f10x_dbgmcu.o
DMA1_Channel1_IRQHandler                          ./CORE/startup_stm32f10x_hd.o
DMA1_Channel2_IRQHandler                          ./CORE/startup_stm32f10x_hd.o
DMA1_Channel3_IRQHandler                          ./CORE/startup_stm32f10x_hd.o
DMA1_Channel4_IRQHandler                          ./CORE/startup_stm32f10x_hd.o
DMA1_Channel5_IRQHandler                          ./CORE/startup_stm32f10x_hd.o
DMA1_Channel6_IRQHandler                          ./CORE/startup_stm32f10x_hd.o
DMA1_Channel7_IRQHandler                          ./CORE/startup_stm32f10x_hd.o
DMA2_Channel1_IRQHandler                          ./CORE/startup_stm32f10x_hd.o
DMA2_Channel2_IRQHandler                          ./CORE/startup_stm32f10x_hd.o
DMA2_Channel3_IRQHandler                          ./CORE/startup_stm32f10x_hd.o
DMA2_Channel4_5_IRQHandler                        ./CORE/startup_stm32f10x_hd.o
DMA_ClearFlag                                     ./STM32F10x_FWLib/src/stm32f10x_dma.o
DMA_ClearITPendingBit                             ./STM32F10x_FWLib/src/stm32f10x_dma.o
DMA_Cmd                                           ./STM32F10x_FWLib/src/stm32f10x_dma.o
DMA_DeInit                                        ./STM32F10x_FWLib/src/stm32f10x_dma.o
DMA_GetCurrDataCounter                            ./STM32F10x_FWLib/src/stm32f10x_dma.o
DMA_GetFlagStatus                                 ./STM32F10x_FWLib/src/stm32f10x_dma.o
DMA_GetITStatus                                   ./STM32F10x_FWLib/src/stm32f10x_dma.o
DMA_ITConfig                                      ./STM32F10x_FWLib/src/stm32f10x_dma.o
DMA_Init                                          ./STM32F10x_FWLib/src/stm32f10x_dma.o
DMA_SetCurrDataCounter                            ./STM32F10x_FWLib/src/stm32f10x_dma.o
DMA_StructInit                                    ./STM32F10x_FWLib/src/stm32f10x_dma.o
DebugMon_Handler                                  ./USER/stm32f10x_it.o
Default_Handler                                   ./CORE/startup_stm32f10x_hd.o
EXTI0_IRQHandler                                  ./CORE/startup_stm32f10x_hd.o
EXTI15_10_IRQHandler                              ./CORE/startup_stm32f10x_hd.o
EXTI1_IRQHandler                                  ./CORE/startup_stm32f10x_hd.o
EXTI2_IRQHandler                                  ./CORE/startup_stm32f10x_hd.o
EXTI3_IRQHandler                                  ./CORE/startup_stm32f10x_hd.o
EXTI4_IRQHandler                                  ./CORE/startup_stm32f10x_hd.o
EXTI9_5_IRQHandler                                ./CORE/startup_stm32f10x_hd.o
EXTI_ClearFlag                                    ./STM32F10x_FWLib/src/stm32f10x_exti.o
EXTI_ClearITPendingBit                            ./STM32F10x_FWLib/src/stm32f10x_exti.o
EXTI_DeInit                                       ./STM32F10x_FWLib/src/stm32f10x_exti.o
EXTI_GenerateSWInterrupt                          ./STM32F10x_FWLib/src/stm32f10x_exti.o
EXTI_GetFlagStatus                                ./STM32F10x_FWLib/src/stm32f10x_exti.o
EXTI_GetITStatus                                  ./STM32F10x_FWLib/src/stm32f10x_exti.o
EXTI_Init                                         ./STM32F10x_FWLib/src/stm32f10x_exti.o
EXTI_StructInit                                   ./STM32F10x_FWLib/src/stm32f10x_exti.o
FLASH_ClearFlag                                   ./STM32F10x_FWLib/src/stm32f10x_flash.o
FLASH_EnableWriteProtection                       ./STM32F10x_FWLib/src/stm32f10x_flash.o
FLASH_EraseAllBank1Pages                          ./STM32F10x_FWLib/src/stm32f10x_flash.o
FLASH_EraseAllPages                               ./STM32F10x_FWLib/src/stm32f10x_flash.o
FLASH_EraseOptionBytes                            ./STM32F10x_FWLib/src/stm32f10x_flash.o
FLASH_ErasePage                                   ./STM32F10x_FWLib/src/stm32f10x_flash.o
FLASH_GetBank1Status                              ./STM32F10x_FWLib/src/stm32f10x_flash.o
FLASH_GetFlagStatus                               ./STM32F10x_FWLib/src/stm32f10x_flash.o
FLASH_GetPrefetchBufferStatus                     ./STM32F10x_FWLib/src/stm32f10x_flash.o
FLASH_GetReadOutProtectionStatus                  ./STM32F10x_FWLib/src/stm32f10x_flash.o
FLASH_GetStatus                                   ./STM32F10x_FWLib/src/stm32f10x_flash.o
FLASH_GetUserOptionByte                           ./STM32F10x_FWLib/src/stm32f10x_flash.o
FLASH_GetWriteProtectionOptionByte                ./STM32F10x_FWLib/src/stm32f10x_flash.o
FLASH_HalfCycleAccessCmd                          ./STM32F10x_FWLib/src/stm32f10x_flash.o
FLASH_IRQHandler                                  ./CORE/startup_stm32f10x_hd.o
FLASH_ITConfig                                    ./STM32F10x_FWLib/src/stm32f10x_flash.o
FLASH_Lock                                        ./STM32F10x_FWLib/src/stm32f10x_flash.o
FLASH_LockBank1                                   ./STM32F10x_FWLib/src/stm32f10x_flash.o
FLASH_PrefetchBufferCmd                           ./STM32F10x_FWLib/src/stm32f10x_flash.o
FLASH_ProgramHalfWord                             ./STM32F10x_FWLib/src/stm32f10x_flash.o
FLASH_ProgramOptionByteData                       ./STM32F10x_FWLib/src/stm32f10x_flash.o
FLASH_ProgramWord                                 ./STM32F10x_FWLib/src/stm32f10x_flash.o
FLASH_ReadOutProtection                           ./STM32F10x_FWLib/src/stm32f10x_flash.o
FLASH_SetLatency                                  ./STM32F10x_FWLib/src/stm32f10x_flash.o
FLASH_Unlock                                      ./STM32F10x_FWLib/src/stm32f10x_flash.o
FLASH_UnlockBank1                                 ./STM32F10x_FWLib/src/stm32f10x_flash.o
FLASH_UserOptionByteConfig                        ./STM32F10x_FWLib/src/stm32f10x_flash.o
FLASH_WaitForLastBank1Operation                   ./STM32F10x_FWLib/src/stm32f10x_flash.o
FLASH_WaitForLastOperation                        ./STM32F10x_FWLib/src/stm32f10x_flash.o
FSMC_ClearFlag                                    ./STM32F10x_FWLib/src/stm32f10x_fsmc.o
FSMC_ClearITPendingBit                            ./STM32F10x_FWLib/src/stm32f10x_fsmc.o
FSMC_GetECC                                       ./STM32F10x_FWLib/src/stm32f10x_fsmc.o
FSMC_GetFlagStatus                                ./STM32F10x_FWLib/src/stm32f10x_fsmc.o
FSMC_GetITStatus                                  ./STM32F10x_FWLib/src/stm32f10x_fsmc.o
FSMC_IRQHandler                                   ./CORE/startup_stm32f10x_hd.o
FSMC_ITConfig                                     ./STM32F10x_FWLib/src/stm32f10x_fsmc.o
FSMC_NANDCmd                                      ./STM32F10x_FWLib/src/stm32f10x_fsmc.o
FSMC_NANDDeInit                                   ./STM32F10x_FWLib/src/stm32f10x_fsmc.o
FSMC_NANDECCCmd                                   ./STM32F10x_FWLib/src/stm32f10x_fsmc.o
FSMC_NANDInit                                     ./STM32F10x_FWLib/src/stm32f10x_fsmc.o
FSMC_NANDStructInit                               ./STM32F10x_FWLib/src/stm32f10x_fsmc.o
FSMC_NORSRAMCmd                                   ./STM32F10x_FWLib/src/stm32f10x_fsmc.o
FSMC_NORSRAMDeInit                                ./STM32F10x_FWLib/src/stm32f10x_fsmc.o
FSMC_NORSRAMInit                                  ./STM32F10x_FWLib/src/stm32f10x_fsmc.o
FSMC_NORSRAMStructInit                            ./STM32F10x_FWLib/src/stm32f10x_fsmc.o
FSMC_PCCARDCmd                                    ./STM32F10x_FWLib/src/stm32f10x_fsmc.o
FSMC_PCCARDDeInit                                 ./STM32F10x_FWLib/src/stm32f10x_fsmc.o
FSMC_PCCARDInit                                   ./STM32F10x_FWLib/src/stm32f10x_fsmc.o
FSMC_PCCARDStructInit                             ./STM32F10x_FWLib/src/stm32f10x_fsmc.o
GPIO_AFIODeInit                                   ./STM32F10x_FWLib/src/stm32f10x_gpio.o
GPIO_DeInit                                       ./STM32F10x_FWLib/src/stm32f10x_gpio.o
GPIO_ETH_MediaInterfaceConfig                     ./STM32F10x_FWLib/src/stm32f10x_gpio.o
GPIO_EXTILineConfig                               ./STM32F10x_FWLib/src/stm32f10x_gpio.o
GPIO_EventOutputCmd                               ./STM32F10x_FWLib/src/stm32f10x_gpio.o
GPIO_EventOutputConfig                            ./STM32F10x_FWLib/src/stm32f10x_gpio.o
GPIO_Init                                         ./STM32F10x_FWLib/src/stm32f10x_gpio.o
                                                  ./SYSTEM/usart/usart.o
                                                  ./HARDWARE/LED/led.o
GPIO_PinLockConfig                                ./STM32F10x_FWLib/src/stm32f10x_gpio.o
GPIO_PinRemapConfig                               ./STM32F10x_FWLib/src/stm32f10x_gpio.o
GPIO_ReadInputData                                ./STM32F10x_FWLib/src/stm32f10x_gpio.o
GPIO_ReadInputDataBit                             ./STM32F10x_FWLib/src/stm32f10x_gpio.o
GPIO_ReadOutputData                               ./STM32F10x_FWLib/src/stm32f10x_gpio.o
GPIO_ReadOutputDataBit                            ./STM32F10x_FWLib/src/stm32f10x_gpio.o
GPIO_ResetBits                                    ./STM32F10x_FWLib/src/stm32f10x_gpio.o
                                                  ./USER/main.o
GPIO_SetBits                                      ./STM32F10x_FWLib/src/stm32f10x_gpio.o
                                                  ./USER/main.o
                                                  ./HARDWARE/LED/led.o
GPIO_StructInit                                   ./STM32F10x_FWLib/src/stm32f10x_gpio.o
GPIO_Write                                        ./STM32F10x_FWLib/src/stm32f10x_gpio.o
GPIO_WriteBit                                     ./STM32F10x_FWLib/src/stm32f10x_gpio.o
HardFault_Handler                                 ./USER/stm32f10x_it.o
I2C1_ER_IRQHandler                                ./CORE/startup_stm32f10x_hd.o
I2C1_EV_IRQHandler                                ./CORE/startup_stm32f10x_hd.o
I2C2_ER_IRQHandler                                ./CORE/startup_stm32f10x_hd.o
I2C2_EV_IRQHandler                                ./CORE/startup_stm32f10x_hd.o
I2C_ARPCmd                                        ./STM32F10x_FWLib/src/stm32f10x_i2c.o
I2C_AcknowledgeConfig                             ./STM32F10x_FWLib/src/stm32f10x_i2c.o
I2C_CalculatePEC                                  ./STM32F10x_FWLib/src/stm32f10x_i2c.o
I2C_CheckEvent                                    ./STM32F10x_FWLib/src/stm32f10x_i2c.o
I2C_ClearFlag                                     ./STM32F10x_FWLib/src/stm32f10x_i2c.o
I2C_ClearITPendingBit                             ./STM32F10x_FWLib/src/stm32f10x_i2c.o
I2C_Cmd                                           ./STM32F10x_FWLib/src/stm32f10x_i2c.o
I2C_DMACmd                                        ./STM32F10x_FWLib/src/stm32f10x_i2c.o
I2C_DMALastTransferCmd                            ./STM32F10x_FWLib/src/stm32f10x_i2c.o
I2C_DeInit                                        ./STM32F10x_FWLib/src/stm32f10x_i2c.o
I2C_DualAddressCmd                                ./STM32F10x_FWLib/src/stm32f10x_i2c.o
I2C_FastModeDutyCycleConfig                       ./STM32F10x_FWLib/src/stm32f10x_i2c.o
I2C_GeneralCallCmd                                ./STM32F10x_FWLib/src/stm32f10x_i2c.o
I2C_GenerateSTART                                 ./STM32F10x_FWLib/src/stm32f10x_i2c.o
I2C_GenerateSTOP                                  ./STM32F10x_FWLib/src/stm32f10x_i2c.o
I2C_GetFlagStatus                                 ./STM32F10x_FWLib/src/stm32f10x_i2c.o
I2C_GetITStatus                                   ./STM32F10x_FWLib/src/stm32f10x_i2c.o
I2C_GetLastEvent                                  ./STM32F10x_FWLib/src/stm32f10x_i2c.o
I2C_GetPEC                                        ./STM32F10x_FWLib/src/stm32f10x_i2c.o
I2C_ITConfig                                      ./STM32F10x_FWLib/src/stm32f10x_i2c.o
I2C_Init                                          ./STM32F10x_FWLib/src/stm32f10x_i2c.o
I2C_NACKPositionConfig                            ./STM32F10x_FWLib/src/stm32f10x_i2c.o
I2C_OwnAddress2Config                             ./STM32F10x_FWLib/src/stm32f10x_i2c.o
I2C_PECPositionConfig                             ./STM32F10x_FWLib/src/stm32f10x_i2c.o
I2C_ReadRegister                                  ./STM32F10x_FWLib/src/stm32f10x_i2c.o
I2C_ReceiveData                                   ./STM32F10x_FWLib/src/stm32f10x_i2c.o
I2C_SMBusAlertConfig                              ./STM32F10x_FWLib/src/stm32f10x_i2c.o
I2C_Send7bitAddress                               ./STM32F10x_FWLib/src/stm32f10x_i2c.o
I2C_SendData                                      ./STM32F10x_FWLib/src/stm32f10x_i2c.o
I2C_SoftwareResetCmd                              ./STM32F10x_FWLib/src/stm32f10x_i2c.o
I2C_StretchClockCmd                               ./STM32F10x_FWLib/src/stm32f10x_i2c.o
I2C_StructInit                                    ./STM32F10x_FWLib/src/stm32f10x_i2c.o
I2C_TransmitPEC                                   ./STM32F10x_FWLib/src/stm32f10x_i2c.o
I2S_Cmd                                           ./STM32F10x_FWLib/src/stm32f10x_spi.o
I2S_Init                                          ./STM32F10x_FWLib/src/stm32f10x_spi.o
I2S_StructInit                                    ./STM32F10x_FWLib/src/stm32f10x_spi.o
IWDG_Enable                                       ./STM32F10x_FWLib/src/stm32f10x_iwdg.o
IWDG_GetFlagStatus                                ./STM32F10x_FWLib/src/stm32f10x_iwdg.o
IWDG_ReloadCounter                                ./STM32F10x_FWLib/src/stm32f10x_iwdg.o
IWDG_SetPrescaler                                 ./STM32F10x_FWLib/src/stm32f10x_iwdg.o
IWDG_SetReload                                    ./STM32F10x_FWLib/src/stm32f10x_iwdg.o
IWDG_WriteAccessCmd                               ./STM32F10x_FWLib/src/stm32f10x_iwdg.o
LED_Init                                          ./HARDWARE/LED/led.o
                                                  ./USER/main.o
MemManage_Handler                                 ./USER/stm32f10x_it.o
NMI_Handler                                       ./USER/stm32f10x_it.o
NVIC_Configuration                                ./SYSTEM/sys/sys.o
NVIC_Init                                         ./STM32F10x_FWLib/src/misc.o
                                                  ./SYSTEM/usart/usart.o
NVIC_PriorityGroupConfig                          ./STM32F10x_FWLib/src/misc.o
                                                  ./SYSTEM/sys/sys.o
NVIC_SetVectorTable                               ./STM32F10x_FWLib/src/misc.o
NVIC_SystemLPConfig                               ./STM32F10x_FWLib/src/misc.o
PVD_IRQHandler                                    ./CORE/startup_stm32f10x_hd.o
PWR_BackupAccessCmd                               ./STM32F10x_FWLib/src/stm32f10x_pwr.o
PWR_ClearFlag                                     ./STM32F10x_FWLib/src/stm32f10x_pwr.o
PWR_DeInit                                        ./STM32F10x_FWLib/src/stm32f10x_pwr.o
PWR_EnterSTANDBYMode                              ./STM32F10x_FWLib/src/stm32f10x_pwr.o
PWR_EnterSTOPMode                                 ./STM32F10x_FWLib/src/stm32f10x_pwr.o
PWR_GetFlagStatus                                 ./STM32F10x_FWLib/src/stm32f10x_pwr.o
PWR_PVDCmd                                        ./STM32F10x_FWLib/src/stm32f10x_pwr.o
PWR_PVDLevelConfig                                ./STM32F10x_FWLib/src/stm32f10x_pwr.o
PWR_WakeUpPinCmd                                  ./STM32F10x_FWLib/src/stm32f10x_pwr.o
PendSV_Handler                                    ./USER/stm32f10x_it.o
RCC_ADCCLKConfig                                  ./STM32F10x_FWLib/src/stm32f10x_rcc.o
RCC_AHBPeriphClockCmd                             ./STM32F10x_FWLib/src/stm32f10x_rcc.o
RCC_APB1PeriphClockCmd                            ./STM32F10x_FWLib/src/stm32f10x_rcc.o
RCC_APB1PeriphResetCmd                            ./STM32F10x_FWLib/src/stm32f10x_rcc.o
                                                  ./STM32F10x_FWLib/src/stm32f10x_pwr.o
                                                  ./STM32F10x_FWLib/src/stm32f10x_tim.o
                                                  ./STM32F10x_FWLib/src/stm32f10x_spi.o
                                                  ./STM32F10x_FWLib/src/stm32f10x_dac.o
                                                  ./STM32F10x_FWLib/src/stm32f10x_usart.o
                                                  ./STM32F10x_FWLib/src/stm32f10x_wwdg.o
                                                  ./STM32F10x_FWLib/src/stm32f10x_cec.o
                                                  ./STM32F10x_FWLib/src/stm32f10x_i2c.o
                                                  ./STM32F10x_FWLib/src/stm32f10x_can.o
RCC_APB2PeriphClockCmd                            ./STM32F10x_FWLib/src/stm32f10x_rcc.o
                                                  ./SYSTEM/usart/usart.o
                                                  ./HARDWARE/LED/led.o
RCC_APB2PeriphResetCmd                            ./STM32F10x_FWLib/src/stm32f10x_rcc.o
                                                  ./STM32F10x_FWLib/src/stm32f10x_gpio.o
                                                  ./STM32F10x_FWLib/src/stm32f10x_tim.o
                                                  ./STM32F10x_FWLib/src/stm32f10x_spi.o
                                                  ./STM32F10x_FWLib/src/stm32f10x_usart.o
                                                  ./STM32F10x_FWLib/src/stm32f10x_adc.o
RCC_AdjustHSICalibrationValue                     ./STM32F10x_FWLib/src/stm32f10x_rcc.o
RCC_BackupResetCmd                                ./STM32F10x_FWLib/src/stm32f10x_rcc.o
                                                  ./STM32F10x_FWLib/src/stm32f10x_bkp.o
RCC_ClearFlag                                     ./STM32F10x_FWLib/src/stm32f10x_rcc.o
RCC_ClearITPendingBit                             ./STM32F10x_FWLib/src/stm32f10x_rcc.o
RCC_ClockSecuritySystemCmd                        ./STM32F10x_FWLib/src/stm32f10x_rcc.o
RCC_DeInit                                        ./STM32F10x_FWLib/src/stm32f10x_rcc.o
RCC_GetClocksFreq                                 ./STM32F10x_FWLib/src/stm32f10x_rcc.o
                                                  ./STM32F10x_FWLib/src/stm32f10x_spi.o
                                                  ./STM32F10x_FWLib/src/stm32f10x_usart.o
                                                  ./STM32F10x_FWLib/src/stm32f10x_i2c.o
RCC_GetFlagStatus                                 ./STM32F10x_FWLib/src/stm32f10x_rcc.o
RCC_GetITStatus                                   ./STM32F10x_FWLib/src/stm32f10x_rcc.o
RCC_GetSYSCLKSource                               ./STM32F10x_FWLib/src/stm32f10x_rcc.o
RCC_HCLKConfig                                    ./STM32F10x_FWLib/src/stm32f10x_rcc.o
RCC_HSEConfig                                     ./STM32F10x_FWLib/src/stm32f10x_rcc.o
RCC_HSICmd                                        ./STM32F10x_FWLib/src/stm32f10x_rcc.o
RCC_IRQHandler                                    ./CORE/startup_stm32f10x_hd.o
RCC_ITConfig                                      ./STM32F10x_FWLib/src/stm32f10x_rcc.o
RCC_LSEConfig                                     ./STM32F10x_FWLib/src/stm32f10x_rcc.o
RCC_LSICmd                                        ./STM32F10x_FWLib/src/stm32f10x_rcc.o
RCC_MCOConfig                                     ./STM32F10x_FWLib/src/stm32f10x_rcc.o
RCC_PCLK1Config                                   ./STM32F10x_FWLib/src/stm32f10x_rcc.o
RCC_PCLK2Config                                   ./STM32F10x_FWLib/src/stm32f10x_rcc.o
RCC_PLLCmd                                        ./STM32F10x_FWLib/src/stm32f10x_rcc.o
RCC_PLLConfig                                     ./STM32F10x_FWLib/src/stm32f10x_rcc.o
RCC_RTCCLKCmd                                     ./STM32F10x_FWLib/src/stm32f10x_rcc.o
RCC_RTCCLKConfig                                  ./STM32F10x_FWLib/src/stm32f10x_rcc.o
RCC_SYSCLKConfig                                  ./STM32F10x_FWLib/src/stm32f10x_rcc.o
RCC_USBCLKConfig                                  ./STM32F10x_FWLib/src/stm32f10x_rcc.o
RCC_WaitForHSEStartUp                             ./STM32F10x_FWLib/src/stm32f10x_rcc.o
RTCAlarm_IRQHandler                               ./CORE/startup_stm32f10x_hd.o
RTC_ClearFlag                                     ./STM32F10x_FWLib/src/stm32f10x_rtc.o
RTC_ClearITPendingBit                             ./STM32F10x_FWLib/src/stm32f10x_rtc.o
RTC_EnterConfigMode                               ./STM32F10x_FWLib/src/stm32f10x_rtc.o
RTC_ExitConfigMode                                ./STM32F10x_FWLib/src/stm32f10x_rtc.o
RTC_GetCounter                                    ./STM32F10x_FWLib/src/stm32f10x_rtc.o
RTC_GetDivider                                    ./STM32F10x_FWLib/src/stm32f10x_rtc.o
RTC_GetFlagStatus                                 ./STM32F10x_FWLib/src/stm32f10x_rtc.o
RTC_GetITStatus                                   ./STM32F10x_FWLib/src/stm32f10x_rtc.o
RTC_IRQHandler                                    ./CORE/startup_stm32f10x_hd.o
RTC_ITConfig                                      ./STM32F10x_FWLib/src/stm32f10x_rtc.o
RTC_SetAlarm                                      ./STM32F10x_FWLib/src/stm32f10x_rtc.o
RTC_SetCounter                                    ./STM32F10x_FWLib/src/stm32f10x_rtc.o
RTC_SetPrescaler                                  ./STM32F10x_FWLib/src/stm32f10x_rtc.o
RTC_WaitForLastTask                               ./STM32F10x_FWLib/src/stm32f10x_rtc.o
RTC_WaitForSynchro                                ./STM32F10x_FWLib/src/stm32f10x_rtc.o
Reset_Handler                                     ./CORE/startup_stm32f10x_hd.o
SDIO_CEATAITCmd                                   ./STM32F10x_FWLib/src/stm32f10x_sdio.o
SDIO_ClearFlag                                    ./STM32F10x_FWLib/src/stm32f10x_sdio.o
SDIO_ClearITPendingBit                            ./STM32F10x_FWLib/src/stm32f10x_sdio.o
SDIO_ClockCmd                                     ./STM32F10x_FWLib/src/stm32f10x_sdio.o
SDIO_CmdStructInit                                ./STM32F10x_FWLib/src/stm32f10x_sdio.o
SDIO_CommandCompletionCmd                         ./STM32F10x_FWLib/src/stm32f10x_sdio.o
SDIO_DMACmd                                       ./STM32F10x_FWLib/src/stm32f10x_sdio.o
SDIO_DataConfig                                   ./STM32F10x_FWLib/src/stm32f10x_sdio.o
SDIO_DataStructInit                               ./STM32F10x_FWLib/src/stm32f10x_sdio.o
SDIO_DeInit                                       ./STM32F10x_FWLib/src/stm32f10x_sdio.o
SDIO_GetCommandResponse                           ./STM32F10x_FWLib/src/stm32f10x_sdio.o
SDIO_GetDataCounter                               ./STM32F10x_FWLib/src/stm32f10x_sdio.o
SDIO_GetFIFOCount                                 ./STM32F10x_FWLib/src/stm32f10x_sdio.o
SDIO_GetFlagStatus                                ./STM32F10x_FWLib/src/stm32f10x_sdio.o
SDIO_GetITStatus                                  ./STM32F10x_FWLib/src/stm32f10x_sdio.o
SDIO_GetPowerState                                ./STM32F10x_FWLib/src/stm32f10x_sdio.o
SDIO_GetResponse                                  ./STM32F10x_FWLib/src/stm32f10x_sdio.o
SDIO_IRQHandler                                   ./CORE/startup_stm32f10x_hd.o
SDIO_ITConfig                                     ./STM32F10x_FWLib/src/stm32f10x_sdio.o
SDIO_Init                                         ./STM32F10x_FWLib/src/stm32f10x_sdio.o
SDIO_ReadData                                     ./STM32F10x_FWLib/src/stm32f10x_sdio.o
SDIO_SendCEATACmd                                 ./STM32F10x_FWLib/src/stm32f10x_sdio.o
SDIO_SendCommand                                  ./STM32F10x_FWLib/src/stm32f10x_sdio.o
SDIO_SendSDIOSuspendCmd                           ./STM32F10x_FWLib/src/stm32f10x_sdio.o
SDIO_SetPowerState                                ./STM32F10x_FWLib/src/stm32f10x_sdio.o
SDIO_SetSDIOOperation                             ./STM32F10x_FWLib/src/stm32f10x_sdio.o
SDIO_SetSDIOReadWaitMode                          ./STM32F10x_FWLib/src/stm32f10x_sdio.o
SDIO_StartSDIOReadWait                            ./STM32F10x_FWLib/src/stm32f10x_sdio.o
SDIO_StopSDIOReadWait                             ./STM32F10x_FWLib/src/stm32f10x_sdio.o
SDIO_StructInit                                   ./STM32F10x_FWLib/src/stm32f10x_sdio.o
SDIO_WriteData                                    ./STM32F10x_FWLib/src/stm32f10x_sdio.o
SPI1_IRQHandler                                   ./CORE/startup_stm32f10x_hd.o
SPI2_IRQHandler                                   ./CORE/startup_stm32f10x_hd.o
SPI3_IRQHandler                                   ./CORE/startup_stm32f10x_hd.o
SPI_BiDirectionalLineConfig                       ./STM32F10x_FWLib/src/stm32f10x_spi.o
SPI_CalculateCRC                                  ./STM32F10x_FWLib/src/stm32f10x_spi.o
SPI_Cmd                                           ./STM32F10x_FWLib/src/stm32f10x_spi.o
SPI_DataSizeConfig                                ./STM32F10x_FWLib/src/stm32f10x_spi.o
SPI_GetCRC                                        ./STM32F10x_FWLib/src/stm32f10x_spi.o
SPI_GetCRCPolynomial                              ./STM32F10x_FWLib/src/stm32f10x_spi.o
SPI_I2S_ClearFlag                                 ./STM32F10x_FWLib/src/stm32f10x_spi.o
SPI_I2S_ClearITPendingBit                         ./STM32F10x_FWLib/src/stm32f10x_spi.o
SPI_I2S_DMACmd                                    ./STM32F10x_FWLib/src/stm32f10x_spi.o
SPI_I2S_DeInit                                    ./STM32F10x_FWLib/src/stm32f10x_spi.o
SPI_I2S_GetFlagStatus                             ./STM32F10x_FWLib/src/stm32f10x_spi.o
SPI_I2S_GetITStatus                               ./STM32F10x_FWLib/src/stm32f10x_spi.o
SPI_I2S_ITConfig                                  ./STM32F10x_FWLib/src/stm32f10x_spi.o
SPI_I2S_ReceiveData                               ./STM32F10x_FWLib/src/stm32f10x_spi.o
SPI_I2S_SendData                                  ./STM32F10x_FWLib/src/stm32f10x_spi.o
SPI_Init                                          ./STM32F10x_FWLib/src/stm32f10x_spi.o
SPI_NSSInternalSoftwareConfig                     ./STM32F10x_FWLib/src/stm32f10x_spi.o
SPI_SSOutputCmd                                   ./STM32F10x_FWLib/src/stm32f10x_spi.o
SPI_StructInit                                    ./STM32F10x_FWLib/src/stm32f10x_spi.o
SPI_TransmitCRC                                   ./STM32F10x_FWLib/src/stm32f10x_spi.o
SVC_Handler                                       ./USER/stm32f10x_it.o
SysTick_CLKSourceConfig                           ./STM32F10x_FWLib/src/misc.o
                                                  ./SYSTEM/delay/delay.o
SysTick_Handler                                   ./USER/stm32f10x_it.o
SystemCoreClock                                   ./USER/system_stm32f10x.o
                                                  ./SYSTEM/delay/delay.o
SystemCoreClockUpdate                             ./USER/system_stm32f10x.o
SystemInit                                        ./USER/system_stm32f10x.o
                                                  ./CORE/startup_stm32f10x_hd.o
TAMPER_IRQHandler                                 ./CORE/startup_stm32f10x_hd.o
TIM1_BRK_IRQHandler                               ./CORE/startup_stm32f10x_hd.o
TIM1_CC_IRQHandler                                ./CORE/startup_stm32f10x_hd.o
TIM1_TRG_COM_IRQHandler                           ./CORE/startup_stm32f10x_hd.o
TIM1_UP_IRQHandler                                ./CORE/startup_stm32f10x_hd.o
TIM2_IRQHandler                                   ./CORE/startup_stm32f10x_hd.o
TIM3_IRQHandler                                   ./CORE/startup_stm32f10x_hd.o
TIM4_IRQHandler                                   ./CORE/startup_stm32f10x_hd.o
TIM5_IRQHandler                                   ./CORE/startup_stm32f10x_hd.o
TIM6_IRQHandler                                   ./CORE/startup_stm32f10x_hd.o
TIM7_IRQHandler                                   ./CORE/startup_stm32f10x_hd.o
TIM8_BRK_IRQHandler                               ./CORE/startup_stm32f10x_hd.o
TIM8_CC_IRQHandler                                ./CORE/startup_stm32f10x_hd.o
TIM8_TRG_COM_IRQHandler                           ./CORE/startup_stm32f10x_hd.o
TIM8_UP_IRQHandler                                ./CORE/startup_stm32f10x_hd.o
TIM_ARRPreloadConfig                              ./STM32F10x_FWLib/src/stm32f10x_tim.o
TIM_BDTRConfig                                    ./STM32F10x_FWLib/src/stm32f10x_tim.o
TIM_BDTRStructInit                                ./STM32F10x_FWLib/src/stm32f10x_tim.o
TIM_CCPreloadControl                              ./STM32F10x_FWLib/src/stm32f10x_tim.o
TIM_CCxCmd                                        ./STM32F10x_FWLib/src/stm32f10x_tim.o
TIM_CCxNCmd                                       ./STM32F10x_FWLib/src/stm32f10x_tim.o
TIM_ClearFlag                                     ./STM32F10x_FWLib/src/stm32f10x_tim.o
TIM_ClearITPendingBit                             ./STM32F10x_FWLib/src/stm32f10x_tim.o
TIM_ClearOC1Ref                                   ./STM32F10x_FWLib/src/stm32f10x_tim.o
TIM_ClearOC2Ref                                   ./STM32F10x_FWLib/src/stm32f10x_tim.o
TIM_ClearOC3Ref                                   ./STM32F10x_FWLib/src/stm32f10x_tim.o
TIM_ClearOC4Ref                                   ./STM32F10x_FWLib/src/stm32f10x_tim.o
TIM_Cmd                                           ./STM32F10x_FWLib/src/stm32f10x_tim.o
TIM_CounterModeConfig                             ./STM32F10x_FWLib/src/stm32f10x_tim.o
TIM_CtrlPWMOutputs                                ./STM32F10x_FWLib/src/stm32f10x_tim.o
TIM_DMACmd                                        ./STM32F10x_FWLib/src/stm32f10x_tim.o
TIM_DMAConfig                                     ./STM32F10x_FWLib/src/stm32f10x_tim.o
TIM_DeInit                                        ./STM32F10x_FWLib/src/stm32f10x_tim.o
TIM_ETRClockMode1Config                           ./STM32F10x_FWLib/src/stm32f10x_tim.o
TIM_ETRClockMode2Config                           ./STM32F10x_FWLib/src/stm32f10x_tim.o
TIM_ETRConfig                                     ./STM32F10x_FWLib/src/stm32f10x_tim.o
TIM_EncoderInterfaceConfig                        ./STM32F10x_FWLib/src/stm32f10x_tim.o
TIM_ForcedOC1Config                               ./STM32F10x_FWLib/src/stm32f10x_tim.o
TIM_ForcedOC2Config                               ./STM32F10x_FWLib/src/stm32f10x_tim.o
TIM_ForcedOC3Config                               ./STM32F10x_FWLib/src/stm32f10x_tim.o
TIM_ForcedOC4Config                               ./STM32F10x_FWLib/src/stm32f10x_tim.o
TIM_GenerateEvent                                 ./STM32F10x_FWLib/src/stm32f10x_tim.o
TIM_GetCapture1                                   ./STM32F10x_FWLib/src/stm32f10x_tim.o
TIM_GetCapture2                                   ./STM32F10x_FWLib/src/stm32f10x_tim.o
TIM_GetCapture3                                   ./STM32F10x_FWLib/src/stm32f10x_tim.o
TIM_GetCapture4                                   ./STM32F10x_FWLib/src/stm32f10x_tim.o
TIM_GetCounter                                    ./STM32F10x_FWLib/src/stm32f10x_tim.o
TIM_GetFlagStatus                                 ./STM32F10x_FWLib/src/stm32f10x_tim.o
TIM_GetITStatus                                   ./STM32F10x_FWLib/src/stm32f10x_tim.o
TIM_GetPrescaler                                  ./STM32F10x_FWLib/src/stm32f10x_tim.o
TIM_ICInit                                        ./STM32F10x_FWLib/src/stm32f10x_tim.o
TIM_ICStructInit                                  ./STM32F10x_FWLib/src/stm32f10x_tim.o
TIM_ITConfig                                      ./STM32F10x_FWLib/src/stm32f10x_tim.o
TIM_ITRxExternalClockConfig                       ./STM32F10x_FWLib/src/stm32f10x_tim.o
TIM_InternalClockConfig                           ./STM32F10x_FWLib/src/stm32f10x_tim.o
TIM_OC1FastConfig                                 ./STM32F10x_FWLib/src/stm32f10x_tim.o
TIM_OC1Init                                       ./STM32F10x_FWLib/src/stm32f10x_tim.o
TIM_OC1NPolarityConfig                            ./STM32F10x_FWLib/src/stm32f10x_tim.o
TIM_OC1PolarityConfig                             ./STM32F10x_FWLib/src/stm32f10x_tim.o
TIM_OC1PreloadConfig                              ./STM32F10x_FWLib/src/stm32f10x_tim.o
TIM_OC2FastConfig                                 ./STM32F10x_FWLib/src/stm32f10x_tim.o
TIM_OC2Init                                       ./STM32F10x_FWLib/src/stm32f10x_tim.o
TIM_OC2NPolarityConfig                            ./STM32F10x_FWLib/src/stm32f10x_tim.o
TIM_OC2PolarityConfig                             ./STM32F10x_FWLib/src/stm32f10x_tim.o
TIM_OC2PreloadConfig                              ./STM32F10x_FWLib/src/stm32f10x_tim.o
TIM_OC3FastConfig                                 ./STM32F10x_FWLib/src/stm32f10x_tim.o
TIM_OC3Init                                       ./STM32F10x_FWLib/src/stm32f10x_tim.o
TIM_OC3NPolarityConfig                            ./STM32F10x_FWLib/src/stm32f10x_tim.o
TIM_OC3PolarityConfig                             ./STM32F10x_FWLib/src/stm32f10x_tim.o
TIM_OC3PreloadConfig                              ./STM32F10x_FWLib/src/stm32f10x_tim.o
TIM_OC4FastConfig                                 ./STM32F10x_FWLib/src/stm32f10x_tim.o
TIM_OC4Init                                       ./STM32F10x_FWLib/src/stm32f10x_tim.o
TIM_OC4PolarityConfig                             ./STM32F10x_FWLib/src/stm32f10x_tim.o
TIM_OC4PreloadConfig                              ./STM32F10x_FWLib/src/stm32f10x_tim.o
TIM_OCStructInit                                  ./STM32F10x_FWLib/src/stm32f10x_tim.o
TIM_PWMIConfig                                    ./STM32F10x_FWLib/src/stm32f10x_tim.o
TIM_PrescalerConfig                               ./STM32F10x_FWLib/src/stm32f10x_tim.o
TIM_SelectCCDMA                                   ./STM32F10x_FWLib/src/stm32f10x_tim.o
TIM_SelectCOM                                     ./STM32F10x_FWLib/src/stm32f10x_tim.o
TIM_SelectHallSensor                              ./STM32F10x_FWLib/src/stm32f10x_tim.o
TIM_SelectInputTrigger                            ./STM32F10x_FWLib/src/stm32f10x_tim.o
TIM_SelectMasterSlaveMode                         ./STM32F10x_FWLib/src/stm32f10x_tim.o
TIM_SelectOCxM                                    ./STM32F10x_FWLib/src/stm32f10x_tim.o
TIM_SelectOnePulseMode                            ./STM32F10x_FWLib/src/stm32f10x_tim.o
TIM_SelectOutputTrigger                           ./STM32F10x_FWLib/src/stm32f10x_tim.o
TIM_SelectSlaveMode                               ./STM32F10x_FWLib/src/stm32f10x_tim.o
TIM_SetAutoreload                                 ./STM32F10x_FWLib/src/stm32f10x_tim.o
TIM_SetClockDivision                              ./STM32F10x_FWLib/src/stm32f10x_tim.o
TIM_SetCompare1                                   ./STM32F10x_FWLib/src/stm32f10x_tim.o
TIM_SetCompare2                                   ./STM32F10x_FWLib/src/stm32f10x_tim.o
TIM_SetCompare3                                   ./STM32F10x_FWLib/src/stm32f10x_tim.o
TIM_SetCompare4                                   ./STM32F10x_FWLib/src/stm32f10x_tim.o
TIM_SetCounter                                    ./STM32F10x_FWLib/src/stm32f10x_tim.o
TIM_SetIC1Prescaler                               ./STM32F10x_FWLib/src/stm32f10x_tim.o
TIM_SetIC2Prescaler                               ./STM32F10x_FWLib/src/stm32f10x_tim.o
TIM_SetIC3Prescaler                               ./STM32F10x_FWLib/src/stm32f10x_tim.o
TIM_SetIC4Prescaler                               ./STM32F10x_FWLib/src/stm32f10x_tim.o
TIM_TIxExternalClockConfig                        ./STM32F10x_FWLib/src/stm32f10x_tim.o
TIM_TimeBaseInit                                  ./STM32F10x_FWLib/src/stm32f10x_tim.o
TIM_TimeBaseStructInit                            ./STM32F10x_FWLib/src/stm32f10x_tim.o
TIM_UpdateDisableConfig                           ./STM32F10x_FWLib/src/stm32f10x_tim.o
TIM_UpdateRequestConfig                           ./STM32F10x_FWLib/src/stm32f10x_tim.o
UART4_IRQHandler                                  ./CORE/startup_stm32f10x_hd.o
UART5_IRQHandler                                  ./CORE/startup_stm32f10x_hd.o
USART1_IRQHandler                                 ./SYSTEM/usart/usart.o
USART2_IRQHandler                                 ./CORE/startup_stm32f10x_hd.o
USART3_IRQHandler                                 ./CORE/startup_stm32f10x_hd.o
USART_ClearFlag                                   ./STM32F10x_FWLib/src/stm32f10x_usart.o
USART_ClearITPendingBit                           ./STM32F10x_FWLib/src/stm32f10x_usart.o
USART_ClockInit                                   ./STM32F10x_FWLib/src/stm32f10x_usart.o
USART_ClockStructInit                             ./STM32F10x_FWLib/src/stm32f10x_usart.o
USART_Cmd                                         ./STM32F10x_FWLib/src/stm32f10x_usart.o
                                                  ./SYSTEM/usart/usart.o
USART_DMACmd                                      ./STM32F10x_FWLib/src/stm32f10x_usart.o
USART_DeInit                                      ./STM32F10x_FWLib/src/stm32f10x_usart.o
                                                  ./SYSTEM/usart/usart.o
USART_GetFlagStatus                               ./STM32F10x_FWLib/src/stm32f10x_usart.o
USART_GetITStatus                                 ./STM32F10x_FWLib/src/stm32f10x_usart.o
                                                  ./SYSTEM/usart/usart.o
USART_HalfDuplexCmd                               ./STM32F10x_FWLib/src/stm32f10x_usart.o
USART_ITConfig                                    ./STM32F10x_FWLib/src/stm32f10x_usart.o
                                                  ./SYSTEM/usart/usart.o
USART_Init                                        ./STM32F10x_FWLib/src/stm32f10x_usart.o
                                                  ./SYSTEM/usart/usart.o
USART_IrDACmd                                     ./STM32F10x_FWLib/src/stm32f10x_usart.o
USART_IrDAConfig                                  ./STM32F10x_FWLib/src/stm32f10x_usart.o
USART_LINBreakDetectLengthConfig                  ./STM32F10x_FWLib/src/stm32f10x_usart.o
USART_LINCmd                                      ./STM32F10x_FWLib/src/stm32f10x_usart.o
USART_OneBitMethodCmd                             ./STM32F10x_FWLib/src/stm32f10x_usart.o
USART_OverSampling8Cmd                            ./STM32F10x_FWLib/src/stm32f10x_usart.o
USART_RX_BUF                                      ./SYSTEM/usart/usart.o
USART_RX_STA                                      ./SYSTEM/usart/usart.o
USART_ReceiveData                                 ./STM32F10x_FWLib/src/stm32f10x_usart.o
                                                  ./SYSTEM/usart/usart.o
USART_ReceiverWakeUpCmd                           ./STM32F10x_FWLib/src/stm32f10x_usart.o
USART_SendBreak                                   ./STM32F10x_FWLib/src/stm32f10x_usart.o
USART_SendData                                    ./STM32F10x_FWLib/src/stm32f10x_usart.o
USART_SetAddress                                  ./STM32F10x_FWLib/src/stm32f10x_usart.o
USART_SetGuardTime                                ./STM32F10x_FWLib/src/stm32f10x_usart.o
USART_SetPrescaler                                ./STM32F10x_FWLib/src/stm32f10x_usart.o
USART_SmartCardCmd                                ./STM32F10x_FWLib/src/stm32f10x_usart.o
USART_SmartCardNACKCmd                            ./STM32F10x_FWLib/src/stm32f10x_usart.o
USART_StructInit                                  ./STM32F10x_FWLib/src/stm32f10x_usart.o
USART_WakeUpConfig                                ./STM32F10x_FWLib/src/stm32f10x_usart.o
USBWakeUp_IRQHandler                              ./CORE/startup_stm32f10x_hd.o
USB_HP_CAN1_TX_IRQHandler                         ./CORE/startup_stm32f10x_hd.o
USB_LP_CAN1_RX0_IRQHandler                        ./CORE/startup_stm32f10x_hd.o
UsageFault_Handler                                ./USER/stm32f10x_it.o
WWDG_ClearFlag                                    ./STM32F10x_FWLib/src/stm32f10x_wwdg.o
WWDG_DeInit                                       ./STM32F10x_FWLib/src/stm32f10x_wwdg.o
WWDG_Enable                                       ./STM32F10x_FWLib/src/stm32f10x_wwdg.o
WWDG_EnableIT                                     ./STM32F10x_FWLib/src/stm32f10x_wwdg.o
WWDG_GetFlagStatus                                ./STM32F10x_FWLib/src/stm32f10x_wwdg.o
WWDG_IRQHandler                                   ./CORE/startup_stm32f10x_hd.o
WWDG_SetCounter                                   ./STM32F10x_FWLib/src/stm32f10x_wwdg.o
WWDG_SetPrescaler                                 ./STM32F10x_FWLib/src/stm32f10x_wwdg.o
WWDG_SetWindowValue                               ./STM32F10x_FWLib/src/stm32f10x_wwdg.o
_ITM_deregisterTMCloneTable                       /usr/lib/gcc/arm-none-eabi/4.8.2/armv7-m/crtbegin.o
_ITM_registerTMCloneTable                         /usr/lib/gcc/arm-none-eabi/4.8.2/armv7-m/crtbegin.o
_Jv_RegisterClasses                               /usr/lib/gcc/arm-none-eabi/4.8.2/armv7-m/crtbegin.o
__LDREXB                                          ./CORE/core_cm3.o
__LDREXH                                          ./CORE/core_cm3.o
__LDREXW                                          ./CORE/core_cm3.o
__RBIT                                            ./CORE/core_cm3.o
__REV                                             ./CORE/core_cm3.o
__REV16                                           ./CORE/core_cm3.o
__REVSH                                           ./CORE/core_cm3.o
__STREXB                                          ./CORE/core_cm3.o
__STREXH                                          ./CORE/core_cm3.o
__STREXW                                          ./CORE/core_cm3.o
__TMC_END__                                       /usr/lib/gcc/arm-none-eabi/4.8.2/armv7-m/crtend.o
                                                  /usr/lib/gcc/arm-none-eabi/4.8.2/armv7-m/crtbegin.o
__bss_end__                                       /usr/lib/gcc/arm-none-eabi/4.8.2/../../../arm-none-eabi/lib/armv7-m/crt0.o
__bss_start__                                     /usr/lib/gcc/arm-none-eabi/4.8.2/../../../arm-none-eabi/lib/armv7-m/crt0.o
__call_exitprocs                                  /usr/lib/gcc/arm-none-eabi/4.8.2/../../../arm-none-eabi/lib/armv7-m/libc.a(lib_a-__call_atexit.o)
                                                  /usr/lib/gcc/arm-none-eabi/4.8.2/../../../arm-none-eabi/lib/armv7-m/libc.a(lib_a-exit.o)
__deregister_frame_info                           /usr/lib/gcc/arm-none-eabi/4.8.2/armv7-m/crtbegin.o
__dso_handle                                      /usr/lib/gcc/arm-none-eabi/4.8.2/armv7-m/crtbegin.o
__fini_array_end                                  /usr/lib/gcc/arm-none-eabi/4.8.2/../../../arm-none-eabi/lib/armv7-m/libc.a(lib_a-fini.o)
__fini_array_start                                /usr/lib/gcc/arm-none-eabi/4.8.2/../../../arm-none-eabi/lib/armv7-m/libc.a(lib_a-fini.o)
__get_BASEPRI                                     ./CORE/core_cm3.o
__get_CONTROL                                     ./CORE/core_cm3.o
__get_FAULTMASK                                   ./CORE/core_cm3.o
__get_MSP                                         ./CORE/core_cm3.o
__get_PRIMASK                                     ./CORE/core_cm3.o
__get_PSP                                         ./CORE/core_cm3.o
__init_array_end                                  /usr/lib/gcc/arm-none-eabi/4.8.2/../../../arm-none-eabi/lib/armv7-m/libc.a(lib_a-init.o)
__init_array_start                                /usr/lib/gcc/arm-none-eabi/4.8.2/../../../arm-none-eabi/lib/armv7-m/libc.a(lib_a-init.o)
__libc_fini                                       /usr/lib/gcc/arm-none-eabi/4.8.2/../../../arm-none-eabi/lib/armv7-m/libc.a(lib_a-__call_atexit.o)
__libc_fini_array                                 /usr/lib/gcc/arm-none-eabi/4.8.2/../../../arm-none-eabi/lib/armv7-m/libc.a(lib_a-fini.o)
                                                  /usr/lib/gcc/arm-none-eabi/4.8.2/../../../arm-none-eabi/lib/armv7-m/libc.a(lib_a-__call_atexit.o)
                                                  /usr/lib/gcc/arm-none-eabi/4.8.2/../../../arm-none-eabi/lib/armv7-m/crt0.o
__libc_init_array                                 /usr/lib/gcc/arm-none-eabi/4.8.2/../../../arm-none-eabi/lib/armv7-m/libc.a(lib_a-init.o)
                                                  /usr/lib/gcc/arm-none-eabi/4.8.2/../../../arm-none-eabi/lib/armv7-m/crt0.o
__preinit_array_end                               /usr/lib/gcc/arm-none-eabi/4.8.2/../../../arm-none-eabi/lib/armv7-m/libc.a(lib_a-init.o)
__preinit_array_start                             /usr/lib/gcc/arm-none-eabi/4.8.2/../../../arm-none-eabi/lib/armv7-m/libc.a(lib_a-init.o)
__register_exitproc                               /usr/lib/gcc/arm-none-eabi/4.8.2/../../../arm-none-eabi/lib/armv7-m/libc.a(lib_a-__atexit.o)
                                                  /usr/lib/gcc/arm-none-eabi/4.8.2/../../../arm-none-eabi/lib/armv7-m/libc.a(lib_a-atexit.o)
__register_frame_info                             /usr/lib/gcc/arm-none-eabi/4.8.2/armv7-m/crtbegin.o
__set_BASEPRI                                     ./CORE/core_cm3.o
__set_CONTROL                                     ./CORE/core_cm3.o
__set_FAULTMASK                                   ./CORE/core_cm3.o
__set_MSP                                         ./CORE/core_cm3.o
__set_PRIMASK                                     ./CORE/core_cm3.o
__set_PSP                                         ./CORE/core_cm3.o
__stack                                           /usr/lib/gcc/arm-none-eabi/4.8.2/../../../arm-none-eabi/lib/armv7-m/crt0.o
__stdout                                          ./SYSTEM/usart/usart.o
_ebss                                             ./CORE/startup_stm32f10x_hd.o
_edata                                            ./CORE/startup_stm32f10x_hd.o
_estack                                           ./CORE/startup_stm32f10x_hd.o
_exit                                             /usr/lib/gcc/arm-none-eabi/4.8.2/../../../arm-none-eabi/lib/armv7-m/libc.a(lib_a-exit.o)
_fini                                             /usr/lib/gcc/arm-none-eabi/4.8.2/armv7-m/crti.o